<?xml version="1.0" encoding="ISO-8859-1" ?>
<link_info>
   <banner>TI ARM Clang Linker PC v3.2.1.LTS</banner>
   <copyright>Copyright (c) 1996-2018 Texas Instruments Incorporated</copyright>
   <link_time>0x6622a4e7</link_time>
   <link_errors>0x0</link_errors>
   <output_file>C:\Users\Wesley Roberts\workspace_v12\gpiointerrupt_CC3220S_LAUNCHXL_nortos_ticlang\MCU+Image\gpiointerrupt_CC3220S_LAUNCHXL_nortos_ticlang.out</output_file>
   <entry_point>
      <name>resetISR</name>
      <address>0x200113c5</address>
   </entry_point>
   <input_file_list>
      <input_file id="fl-1">
         <path>C:\Users\Wesley Roberts\workspace_v12\gpiointerrupt_CC3220S_LAUNCHXL_nortos_ticlang\MCU+Image\.\</path>
         <kind>object</kind>
         <file>gpiointerrupt.o</file>
         <name>gpiointerrupt.o</name>
      </input_file>
      <input_file id="fl-2">
         <path>C:\Users\Wesley Roberts\workspace_v12\gpiointerrupt_CC3220S_LAUNCHXL_nortos_ticlang\MCU+Image\.\syscfg\</path>
         <kind>object</kind>
         <file>ti_drivers_config.o</file>
         <name>ti_drivers_config.o</name>
      </input_file>
      <input_file id="fl-3">
         <path>C:\Users\Wesley Roberts\workspace_v12\gpiointerrupt_CC3220S_LAUNCHXL_nortos_ticlang\MCU+Image\.\</path>
         <kind>object</kind>
         <file>main_nortos.o</file>
         <name>main_nortos.o</name>
      </input_file>
      <input_file id="fl-13">
         <path>C:\Users\Wesley Roberts\workspace_v12\gpiointerrupt_CC3220S_LAUNCHXL_nortos_ticlang\MCU+Image\</path>
         <kind>object</kind>
         <file>&lt;internal&gt;</file>
         <name>&lt;internal&gt;</name>
      </input_file>
      <input_file id="fl-14">
         <path>C:\ti\simplelink_cc32xx_sdk_7_10_00_13\source\ti\drivers\lib\ticlang\m4\</path>
         <kind>archive</kind>
         <file>drivers_cc32xx.a</file>
         <name>GPIO.c.obj</name>
      </input_file>
      <input_file id="fl-15">
         <path>C:\ti\simplelink_cc32xx_sdk_7_10_00_13\source\ti\drivers\lib\ticlang\m4\</path>
         <kind>archive</kind>
         <file>drivers_cc32xx.a</file>
         <name>GPIOCC32XX.c.obj</name>
      </input_file>
      <input_file id="fl-16">
         <path>C:\ti\simplelink_cc32xx_sdk_7_10_00_13\source\ti\drivers\lib\ticlang\m4\</path>
         <kind>archive</kind>
         <file>drivers_cc32xx.a</file>
         <name>I2C.c.obj</name>
      </input_file>
      <input_file id="fl-17">
         <path>C:\ti\simplelink_cc32xx_sdk_7_10_00_13\source\ti\drivers\lib\ticlang\m4\</path>
         <kind>archive</kind>
         <file>drivers_cc32xx.a</file>
         <name>I2CCC32XX.c.obj</name>
      </input_file>
      <input_file id="fl-18">
         <path>C:\ti\simplelink_cc32xx_sdk_7_10_00_13\source\ti\drivers\lib\ticlang\m4\</path>
         <kind>archive</kind>
         <file>drivers_cc32xx.a</file>
         <name>PowerCC32XX.c.obj</name>
      </input_file>
      <input_file id="fl-19">
         <path>C:\ti\simplelink_cc32xx_sdk_7_10_00_13\source\ti\drivers\lib\ticlang\m4\</path>
         <kind>archive</kind>
         <file>drivers_cc32xx.a</file>
         <name>PowerCC32XX_ticlang.asm.obj</name>
      </input_file>
      <input_file id="fl-1a">
         <path>C:\ti\simplelink_cc32xx_sdk_7_10_00_13\source\ti\drivers\lib\ticlang\m4\</path>
         <kind>archive</kind>
         <file>drivers_cc32xx.a</file>
         <name>Timer.c.obj</name>
      </input_file>
      <input_file id="fl-1b">
         <path>C:\ti\simplelink_cc32xx_sdk_7_10_00_13\source\ti\drivers\lib\ticlang\m4\</path>
         <kind>archive</kind>
         <file>drivers_cc32xx.a</file>
         <name>TimerCC32XX.c.obj</name>
      </input_file>
      <input_file id="fl-1c">
         <path>C:\ti\simplelink_cc32xx_sdk_7_10_00_13\source\ti\drivers\lib\ticlang\m4\</path>
         <kind>archive</kind>
         <file>drivers_cc32xx.a</file>
         <name>UART2.c.obj</name>
      </input_file>
      <input_file id="fl-1d">
         <path>C:\ti\simplelink_cc32xx_sdk_7_10_00_13\source\ti\drivers\lib\ticlang\m4\</path>
         <kind>archive</kind>
         <file>drivers_cc32xx.a</file>
         <name>UART2CC32XX.c.obj</name>
      </input_file>
      <input_file id="fl-1e">
         <path>C:\ti\simplelink_cc32xx_sdk_7_10_00_13\source\ti\drivers\lib\ticlang\m4\</path>
         <kind>archive</kind>
         <file>drivers_cc32xx.a</file>
         <name>List.c.obj</name>
      </input_file>
      <input_file id="fl-1f">
         <path>C:\ti\simplelink_cc32xx_sdk_7_10_00_13\source\ti\drivers\lib\ticlang\m4\</path>
         <kind>archive</kind>
         <file>drivers_cc32xx.a</file>
         <name>RingBuf.c.obj</name>
      </input_file>
      <input_file id="fl-20">
         <path>C:\ti\simplelink_cc32xx_sdk_7_10_00_13\source\ti\drivers\lib\ticlang\m4\</path>
         <kind>archive</kind>
         <file>drivers_cc32xx.a</file>
         <name>UDMACC32XX.c.obj</name>
      </input_file>
      <input_file id="fl-21">
         <path>C:\ti\simplelink_cc32xx_sdk_7_10_00_13\kernel\nortos\lib\ticlang\m4\</path>
         <kind>archive</kind>
         <file>nortos_cc32xx.a</file>
         <name>NoRTOS.c.obj</name>
      </input_file>
      <input_file id="fl-22">
         <path>C:\ti\simplelink_cc32xx_sdk_7_10_00_13\kernel\nortos\lib\ticlang\m4\</path>
         <kind>archive</kind>
         <file>nortos_cc32xx.a</file>
         <name>SemaphoreP_nortos.c.obj</name>
      </input_file>
      <input_file id="fl-23">
         <path>C:\ti\simplelink_cc32xx_sdk_7_10_00_13\kernel\nortos\lib\ticlang\m4\</path>
         <kind>archive</kind>
         <file>nortos_cc32xx.a</file>
         <name>ClockPSysTick_nortos.c.obj</name>
      </input_file>
      <input_file id="fl-24">
         <path>C:\ti\simplelink_cc32xx_sdk_7_10_00_13\kernel\nortos\lib\ticlang\m4\</path>
         <kind>archive</kind>
         <file>nortos_cc32xx.a</file>
         <name>HwiPCC32XX_nortos.c.obj</name>
      </input_file>
      <input_file id="fl-25">
         <path>C:\ti\simplelink_cc32xx_sdk_7_10_00_13\kernel\nortos\lib\ticlang\m4\</path>
         <kind>archive</kind>
         <file>nortos_cc32xx.a</file>
         <name>PowerCC32XX_nortos.c.obj</name>
      </input_file>
      <input_file id="fl-26">
         <path>C:\ti\simplelink_cc32xx_sdk_7_10_00_13\kernel\nortos\lib\ticlang\m4\</path>
         <kind>archive</kind>
         <file>nortos_cc32xx.a</file>
         <name>startup_cc32xx_ticlang.c.obj</name>
      </input_file>
      <input_file id="fl-27">
         <path>C:\ti\simplelink_cc32xx_sdk_7_10_00_13\kernel\nortos\lib\ticlang\m4\</path>
         <kind>archive</kind>
         <file>nortos_cc32xx.a</file>
         <name>SwiP_nortos.c.obj</name>
      </input_file>
      <input_file id="fl-28">
         <path>C:\ti\simplelink_cc32xx_sdk_7_10_00_13\source\ti\devices\cc32xx\driverlib\ticlang\Release\</path>
         <kind>archive</kind>
         <file>driverlib.a</file>
         <name>cpu.obj</name>
      </input_file>
      <input_file id="fl-29">
         <path>C:\ti\simplelink_cc32xx_sdk_7_10_00_13\source\ti\devices\cc32xx\driverlib\ticlang\Release\</path>
         <kind>archive</kind>
         <file>driverlib.a</file>
         <name>gpio.obj</name>
      </input_file>
      <input_file id="fl-2a">
         <path>C:\ti\simplelink_cc32xx_sdk_7_10_00_13\source\ti\devices\cc32xx\driverlib\ticlang\Release\</path>
         <kind>archive</kind>
         <file>driverlib.a</file>
         <name>hwspinlock.obj</name>
      </input_file>
      <input_file id="fl-2b">
         <path>C:\ti\simplelink_cc32xx_sdk_7_10_00_13\source\ti\devices\cc32xx\driverlib\ticlang\Release\</path>
         <kind>archive</kind>
         <file>driverlib.a</file>
         <name>i2c.obj</name>
      </input_file>
      <input_file id="fl-2c">
         <path>C:\ti\simplelink_cc32xx_sdk_7_10_00_13\source\ti\devices\cc32xx\driverlib\ticlang\Release\</path>
         <kind>archive</kind>
         <file>driverlib.a</file>
         <name>interrupt.obj</name>
      </input_file>
      <input_file id="fl-2d">
         <path>C:\ti\simplelink_cc32xx_sdk_7_10_00_13\source\ti\devices\cc32xx\driverlib\ticlang\Release\</path>
         <kind>archive</kind>
         <file>driverlib.a</file>
         <name>pin.obj</name>
      </input_file>
      <input_file id="fl-2e">
         <path>C:\ti\simplelink_cc32xx_sdk_7_10_00_13\source\ti\devices\cc32xx\driverlib\ticlang\Release\</path>
         <kind>archive</kind>
         <file>driverlib.a</file>
         <name>prcm.obj</name>
      </input_file>
      <input_file id="fl-2f">
         <path>C:\ti\simplelink_cc32xx_sdk_7_10_00_13\source\ti\devices\cc32xx\driverlib\ticlang\Release\</path>
         <kind>archive</kind>
         <file>driverlib.a</file>
         <name>spi.obj</name>
      </input_file>
      <input_file id="fl-30">
         <path>C:\ti\simplelink_cc32xx_sdk_7_10_00_13\source\ti\devices\cc32xx\driverlib\ticlang\Release\</path>
         <kind>archive</kind>
         <file>driverlib.a</file>
         <name>systick.obj</name>
      </input_file>
      <input_file id="fl-31">
         <path>C:\ti\simplelink_cc32xx_sdk_7_10_00_13\source\ti\devices\cc32xx\driverlib\ticlang\Release\</path>
         <kind>archive</kind>
         <file>driverlib.a</file>
         <name>timer.obj</name>
      </input_file>
      <input_file id="fl-32">
         <path>C:\ti\simplelink_cc32xx_sdk_7_10_00_13\source\ti\devices\cc32xx\driverlib\ticlang\Release\</path>
         <kind>archive</kind>
         <file>driverlib.a</file>
         <name>uart.obj</name>
      </input_file>
      <input_file id="fl-33">
         <path>C:\ti\simplelink_cc32xx_sdk_7_10_00_13\source\ti\devices\cc32xx\driverlib\ticlang\Release\</path>
         <kind>archive</kind>
         <file>driverlib.a</file>
         <name>udma.obj</name>
      </input_file>
      <input_file id="fl-34">
         <path>C:\ti\simplelink_cc32xx_sdk_7_10_00_13\source\ti\devices\cc32xx\driverlib\ticlang\Release\</path>
         <kind>archive</kind>
         <file>driverlib.a</file>
         <name>utils.obj</name>
      </input_file>
      <input_file id="fl-35">
         <path>C:\ti\simplelink_cc32xx_sdk_7_10_00_13\source\ti\devices\cc32xx\driverlib\ticlang\Release\</path>
         <kind>archive</kind>
         <file>driverlib.a</file>
         <name>flash.obj</name>
      </input_file>
      <input_file id="fl-44">
         <path>C:\ti\ccs1260\ccs\tools\compiler\ti-cgt-armllvm_3.2.1.LTS\lib\armv7em-ti-none-eabi\c\</path>
         <kind>archive</kind>
         <file>libc.a</file>
         <name>snprintf.c.obj</name>
      </input_file>
      <input_file id="fl-45">
         <path>C:\ti\ccs1260\ccs\tools\compiler\ti-cgt-armllvm_3.2.1.LTS\lib\armv7em-ti-none-eabi\c\</path>
         <kind>archive</kind>
         <file>libc.a</file>
         <name>memory.c.obj</name>
      </input_file>
      <input_file id="fl-46">
         <path>C:\ti\ccs1260\ccs\tools\compiler\ti-cgt-armllvm_3.2.1.LTS\lib\armv7em-ti-none-eabi\c\</path>
         <kind>archive</kind>
         <file>libc.a</file>
         <name>copy_zero_init.c.obj</name>
      </input_file>
      <input_file id="fl-47">
         <path>C:\ti\ccs1260\ccs\tools\compiler\ti-cgt-armllvm_3.2.1.LTS\lib\armv7em-ti-none-eabi\c\</path>
         <kind>archive</kind>
         <file>libc.a</file>
         <name>copy_decompress_none.c.obj</name>
      </input_file>
      <input_file id="fl-48">
         <path>C:\ti\ccs1260\ccs\tools\compiler\ti-cgt-armllvm_3.2.1.LTS\lib\armv7em-ti-none-eabi\c\</path>
         <kind>archive</kind>
         <file>libc.a</file>
         <name>copy_decompress_lzss.c.obj</name>
      </input_file>
      <input_file id="fl-49">
         <path>C:\ti\ccs1260\ccs\tools\compiler\ti-cgt-armllvm_3.2.1.LTS\lib\armv7em-ti-none-eabi\c\</path>
         <kind>archive</kind>
         <file>libc.a</file>
         <name>boot_cortex_m.c.obj</name>
      </input_file>
      <input_file id="fl-4a">
         <path>C:\ti\ccs1260\ccs\tools\compiler\ti-cgt-armllvm_3.2.1.LTS\lib\armv7em-ti-none-eabi\c\</path>
         <kind>archive</kind>
         <file>libc.a</file>
         <name>mathacl_init.c.obj</name>
      </input_file>
      <input_file id="fl-4b">
         <path>C:\ti\ccs1260\ccs\tools\compiler\ti-cgt-armllvm_3.2.1.LTS\lib\armv7em-ti-none-eabi\c\</path>
         <kind>archive</kind>
         <file>libc.a</file>
         <name>_printfi.c.obj</name>
      </input_file>
      <input_file id="fl-4c">
         <path>C:\ti\ccs1260\ccs\tools\compiler\ti-cgt-armllvm_3.2.1.LTS\lib\armv7em-ti-none-eabi\c\</path>
         <kind>archive</kind>
         <file>libc.a</file>
         <name>s_frexp.c.obj</name>
      </input_file>
      <input_file id="fl-4d">
         <path>C:\ti\ccs1260\ccs\tools\compiler\ti-cgt-armllvm_3.2.1.LTS\lib\armv7em-ti-none-eabi\c\</path>
         <kind>archive</kind>
         <file>libc.a</file>
         <name>s_scalbn.c.obj</name>
      </input_file>
      <input_file id="fl-4e">
         <path>C:\ti\ccs1260\ccs\tools\compiler\ti-cgt-armllvm_3.2.1.LTS\lib\armv7em-ti-none-eabi\c\</path>
         <kind>archive</kind>
         <file>libc.a</file>
         <name>aeabi_portable.c.obj</name>
      </input_file>
      <input_file id="fl-4f">
         <path>C:\ti\ccs1260\ccs\tools\compiler\ti-cgt-armllvm_3.2.1.LTS\lib\armv7em-ti-none-eabi\c\</path>
         <kind>archive</kind>
         <file>libc.a</file>
         <name>exit.c.obj</name>
      </input_file>
      <input_file id="fl-50">
         <path>C:\ti\ccs1260\ccs\tools\compiler\ti-cgt-armllvm_3.2.1.LTS\lib\armv7em-ti-none-eabi\c\</path>
         <kind>archive</kind>
         <file>libc.a</file>
         <name>_lock.c.obj</name>
      </input_file>
      <input_file id="fl-51">
         <path>C:\ti\ccs1260\ccs\tools\compiler\ti-cgt-armllvm_3.2.1.LTS\lib\armv7em-ti-none-eabi\c\</path>
         <kind>archive</kind>
         <file>libc.a</file>
         <name>_ltoa.c.obj</name>
      </input_file>
      <input_file id="fl-52">
         <path>C:\ti\ccs1260\ccs\tools\compiler\ti-cgt-armllvm_3.2.1.LTS\lib\armv7em-ti-none-eabi\c\</path>
         <kind>archive</kind>
         <file>libc.a</file>
         <name>args_main.c.obj</name>
      </input_file>
      <input_file id="fl-53">
         <path>C:\ti\ccs1260\ccs\tools\compiler\ti-cgt-armllvm_3.2.1.LTS\lib\armv7em-ti-none-eabi\c\</path>
         <kind>archive</kind>
         <file>libc.a</file>
         <name>assert.c.obj</name>
      </input_file>
      <input_file id="fl-54">
         <path>C:\ti\ccs1260\ccs\tools\compiler\ti-cgt-armllvm_3.2.1.LTS\lib\armv7em-ti-none-eabi\c\</path>
         <kind>archive</kind>
         <file>libc.a</file>
         <name>atoi.c.obj</name>
      </input_file>
      <input_file id="fl-55">
         <path>C:\ti\ccs1260\ccs\tools\compiler\ti-cgt-armllvm_3.2.1.LTS\lib\armv7em-ti-none-eabi\c\</path>
         <kind>archive</kind>
         <file>libc.a</file>
         <name>defs.c.obj</name>
      </input_file>
      <input_file id="fl-56">
         <path>C:\ti\ccs1260\ccs\tools\compiler\ti-cgt-armllvm_3.2.1.LTS\lib\armv7em-ti-none-eabi\c\</path>
         <kind>archive</kind>
         <file>libc.a</file>
         <name>memccpy.c.obj</name>
      </input_file>
      <input_file id="fl-57">
         <path>C:\ti\ccs1260\ccs\tools\compiler\ti-cgt-armllvm_3.2.1.LTS\lib\armv7em-ti-none-eabi\c\</path>
         <kind>archive</kind>
         <file>libc.a</file>
         <name>autoinit.c.obj</name>
      </input_file>
      <input_file id="fl-58">
         <path>C:\ti\ccs1260\ccs\tools\compiler\ti-cgt-armllvm_3.2.1.LTS\lib\armv7em-ti-none-eabi\c\</path>
         <kind>archive</kind>
         <file>libc.a</file>
         <name>pre_init.c.obj</name>
      </input_file>
      <input_file id="fl-59">
         <path>C:\ti\ccs1260\ccs\tools\compiler\ti-cgt-armllvm_3.2.1.LTS\lib\armv7em-ti-none-eabi\c\</path>
         <kind>archive</kind>
         <file>libc.a</file>
         <name>cpy_tbl.c.obj</name>
      </input_file>
      <input_file id="fl-5a">
         <path>C:\ti\ccs1260\ccs\tools\compiler\ti-cgt-armllvm_3.2.1.LTS\lib\armv7em-ti-none-eabi\c\</path>
         <kind>archive</kind>
         <file>libc.a</file>
         <name>wcslen.c.obj</name>
      </input_file>
      <input_file id="fl-5b">
         <path>C:\ti\ccs1260\ccs\tools\compiler\ti-cgt-armllvm_3.2.1.LTS\lib\armv7em-ti-none-eabi\c\</path>
         <kind>archive</kind>
         <file>libc.a</file>
         <name>sprintf.c.obj</name>
      </input_file>
      <input_file id="fl-5c">
         <path>C:\ti\ccs1260\ccs\tools\compiler\ti-cgt-armllvm_3.2.1.LTS\lib\armv7em-ti-none-eabi\c\</path>
         <kind>archive</kind>
         <file>libc.a</file>
         <name>fflush.c.obj</name>
      </input_file>
      <input_file id="fl-5d">
         <path>C:\ti\ccs1260\ccs\tools\compiler\ti-cgt-armllvm_3.2.1.LTS\lib\armv7em-ti-none-eabi\c\</path>
         <kind>archive</kind>
         <file>libc.a</file>
         <name>fputs.c.obj</name>
      </input_file>
      <input_file id="fl-5e">
         <path>C:\ti\ccs1260\ccs\tools\compiler\ti-cgt-armllvm_3.2.1.LTS\lib\armv7em-ti-none-eabi\c\</path>
         <kind>archive</kind>
         <file>libc.a</file>
         <name>_io_perm.c.obj</name>
      </input_file>
      <input_file id="fl-5f">
         <path>C:\ti\ccs1260\ccs\tools\compiler\ti-cgt-armllvm_3.2.1.LTS\lib\armv7em-ti-none-eabi\c\</path>
         <kind>archive</kind>
         <file>libc.a</file>
         <name>setvbuf.c.obj</name>
      </input_file>
      <input_file id="fl-60">
         <path>C:\ti\ccs1260\ccs\tools\compiler\ti-cgt-armllvm_3.2.1.LTS\lib\armv7em-ti-none-eabi\c\</path>
         <kind>archive</kind>
         <file>libc.a</file>
         <name>aeabi_ctype.S.obj</name>
      </input_file>
      <input_file id="fl-61">
         <path>C:\ti\ccs1260\ccs\tools\compiler\ti-cgt-armllvm_3.2.1.LTS\lib\armv7em-ti-none-eabi\c\</path>
         <kind>archive</kind>
         <file>libc.a</file>
         <name>fopen.c.obj</name>
      </input_file>
      <input_file id="fl-62">
         <path>C:\ti\ccs1260\ccs\tools\compiler\ti-cgt-armllvm_3.2.1.LTS\lib\armv7em-ti-none-eabi\c\</path>
         <kind>archive</kind>
         <file>libc.a</file>
         <name>fseek.c.obj</name>
      </input_file>
      <input_file id="fl-63">
         <path>C:\ti\ccs1260\ccs\tools\compiler\ti-cgt-armllvm_3.2.1.LTS\lib\armv7em-ti-none-eabi\c\</path>
         <kind>archive</kind>
         <file>libc.a</file>
         <name>fclose.c.obj</name>
      </input_file>
      <input_file id="fl-c9">
         <path>C:\ti\ccs1260\ccs\tools\compiler\ti-cgt-armllvm_3.2.1.LTS\lib\armv7em-ti-none-eabi\c\</path>
         <kind>archive</kind>
         <file>libsysbm.a</file>
         <name>write.c.obj</name>
      </input_file>
      <input_file id="fl-ca">
         <path>C:\ti\ccs1260\ccs\tools\compiler\ti-cgt-armllvm_3.2.1.LTS\lib\armv7em-ti-none-eabi\c\</path>
         <kind>archive</kind>
         <file>libsysbm.a</file>
         <name>host_device.c.obj</name>
      </input_file>
      <input_file id="fl-cb">
         <path>C:\ti\ccs1260\ccs\tools\compiler\ti-cgt-armllvm_3.2.1.LTS\lib\armv7em-ti-none-eabi\c\</path>
         <kind>archive</kind>
         <file>libsysbm.a</file>
         <name>remove.c.obj</name>
      </input_file>
      <input_file id="fl-cc">
         <path>C:\ti\ccs1260\ccs\tools\compiler\ti-cgt-armllvm_3.2.1.LTS\lib\armv7em-ti-none-eabi\c\</path>
         <kind>archive</kind>
         <file>libsysbm.a</file>
         <name>open.c.obj</name>
      </input_file>
      <input_file id="fl-cd">
         <path>C:\ti\ccs1260\ccs\tools\compiler\ti-cgt-armllvm_3.2.1.LTS\lib\armv7em-ti-none-eabi\c\</path>
         <kind>archive</kind>
         <file>libsysbm.a</file>
         <name>lseek.c.obj</name>
      </input_file>
      <input_file id="fl-ce">
         <path>C:\ti\ccs1260\ccs\tools\compiler\ti-cgt-armllvm_3.2.1.LTS\lib\armv7em-ti-none-eabi\c\</path>
         <kind>archive</kind>
         <file>libsysbm.a</file>
         <name>close.c.obj</name>
      </input_file>
      <input_file id="fl-cf">
         <path>C:\ti\ccs1260\ccs\tools\compiler\ti-cgt-armllvm_3.2.1.LTS\lib\armv7em-ti-none-eabi\c\</path>
         <kind>archive</kind>
         <file>libsysbm.a</file>
         <name>unlink.c.obj</name>
      </input_file>
      <input_file id="fl-d0">
         <path>C:\ti\ccs1260\ccs\tools\compiler\ti-cgt-armllvm_3.2.1.LTS\lib\armv7em-ti-none-eabi\c\</path>
         <kind>archive</kind>
         <file>libsysbm.a</file>
         <name>hostclose.c.obj</name>
      </input_file>
      <input_file id="fl-d1">
         <path>C:\ti\ccs1260\ccs\tools\compiler\ti-cgt-armllvm_3.2.1.LTS\lib\armv7em-ti-none-eabi\c\</path>
         <kind>archive</kind>
         <file>libsysbm.a</file>
         <name>hostlseek.c.obj</name>
      </input_file>
      <input_file id="fl-d2">
         <path>C:\ti\ccs1260\ccs\tools\compiler\ti-cgt-armllvm_3.2.1.LTS\lib\armv7em-ti-none-eabi\c\</path>
         <kind>archive</kind>
         <file>libsysbm.a</file>
         <name>hostopen.c.obj</name>
      </input_file>
      <input_file id="fl-d3">
         <path>C:\ti\ccs1260\ccs\tools\compiler\ti-cgt-armllvm_3.2.1.LTS\lib\armv7em-ti-none-eabi\c\</path>
         <kind>archive</kind>
         <file>libsysbm.a</file>
         <name>hostread.c.obj</name>
      </input_file>
      <input_file id="fl-d4">
         <path>C:\ti\ccs1260\ccs\tools\compiler\ti-cgt-armllvm_3.2.1.LTS\lib\armv7em-ti-none-eabi\c\</path>
         <kind>archive</kind>
         <file>libsysbm.a</file>
         <name>hostrename.c.obj</name>
      </input_file>
      <input_file id="fl-d5">
         <path>C:\ti\ccs1260\ccs\tools\compiler\ti-cgt-armllvm_3.2.1.LTS\lib\armv7em-ti-none-eabi\c\</path>
         <kind>archive</kind>
         <file>libsysbm.a</file>
         <name>hostunlink.c.obj</name>
      </input_file>
      <input_file id="fl-d6">
         <path>C:\ti\ccs1260\ccs\tools\compiler\ti-cgt-armllvm_3.2.1.LTS\lib\armv7em-ti-none-eabi\c\</path>
         <kind>archive</kind>
         <file>libsysbm.a</file>
         <name>hostwrite.c.obj</name>
      </input_file>
      <input_file id="fl-d7">
         <path>C:\ti\ccs1260\ccs\tools\compiler\ti-cgt-armllvm_3.2.1.LTS\lib\armv7em-ti-none-eabi\c\</path>
         <kind>archive</kind>
         <file>libsysbm.a</file>
         <name>trgmsg.c.obj</name>
      </input_file>
      <input_file id="fl-d8">
         <path>C:\ti\ccs1260\ccs\tools\compiler\ti-cgt-armllvm_3.2.1.LTS\lib\clang\15.0.7\lib\armv7em-ti-none-eabi\</path>
         <kind>archive</kind>
         <file>libclang_rt.builtins.a</file>
         <name>adddf3.S.obj</name>
      </input_file>
      <input_file id="fl-d9">
         <path>C:\ti\ccs1260\ccs\tools\compiler\ti-cgt-armllvm_3.2.1.LTS\lib\clang\15.0.7\lib\armv7em-ti-none-eabi\</path>
         <kind>archive</kind>
         <file>libclang_rt.builtins.a</file>
         <name>muldf3.S.obj</name>
      </input_file>
      <input_file id="fl-da">
         <path>C:\ti\ccs1260\ccs\tools\compiler\ti-cgt-armllvm_3.2.1.LTS\lib\clang\15.0.7\lib\armv7em-ti-none-eabi\</path>
         <kind>archive</kind>
         <file>libclang_rt.builtins.a</file>
         <name>divdf3.S.obj</name>
      </input_file>
      <input_file id="fl-db">
         <path>C:\ti\ccs1260\ccs\tools\compiler\ti-cgt-armllvm_3.2.1.LTS\lib\clang\15.0.7\lib\armv7em-ti-none-eabi\</path>
         <kind>archive</kind>
         <file>libclang_rt.builtins.a</file>
         <name>fixdfsi.S.obj</name>
      </input_file>
      <input_file id="fl-dc">
         <path>C:\ti\ccs1260\ccs\tools\compiler\ti-cgt-armllvm_3.2.1.LTS\lib\clang\15.0.7\lib\armv7em-ti-none-eabi\</path>
         <kind>archive</kind>
         <file>libclang_rt.builtins.a</file>
         <name>floatsidf.S.obj</name>
      </input_file>
      <input_file id="fl-dd">
         <path>C:\ti\ccs1260\ccs\tools\compiler\ti-cgt-armllvm_3.2.1.LTS\lib\clang\15.0.7\lib\armv7em-ti-none-eabi\</path>
         <kind>archive</kind>
         <file>libclang_rt.builtins.a</file>
         <name>aeabi_dcmp.S.obj</name>
      </input_file>
      <input_file id="fl-de">
         <path>C:\ti\ccs1260\ccs\tools\compiler\ti-cgt-armllvm_3.2.1.LTS\lib\clang\15.0.7\lib\armv7em-ti-none-eabi\</path>
         <kind>archive</kind>
         <file>libclang_rt.builtins.a</file>
         <name>aeabi_memcpy.S.obj</name>
      </input_file>
      <input_file id="fl-df">
         <path>C:\ti\ccs1260\ccs\tools\compiler\ti-cgt-armllvm_3.2.1.LTS\lib\clang\15.0.7\lib\armv7em-ti-none-eabi\</path>
         <kind>archive</kind>
         <file>libclang_rt.builtins.a</file>
         <name>aeabi_memset.S.obj</name>
      </input_file>
      <input_file id="fl-e0">
         <path>C:\ti\ccs1260\ccs\tools\compiler\ti-cgt-armllvm_3.2.1.LTS\lib\clang\15.0.7\lib\armv7em-ti-none-eabi\</path>
         <kind>archive</kind>
         <file>libclang_rt.builtins.a</file>
         <name>aeabi_uldivmod.S.obj</name>
      </input_file>
      <input_file id="fl-e1">
         <path>C:\ti\ccs1260\ccs\tools\compiler\ti-cgt-armllvm_3.2.1.LTS\lib\clang\15.0.7\lib\armv7em-ti-none-eabi\</path>
         <kind>archive</kind>
         <file>libclang_rt.builtins.a</file>
         <name>udivmoddi4.S.obj</name>
      </input_file>
      <input_file id="fl-e2">
         <path>C:\ti\ccs1260\ccs\tools\compiler\ti-cgt-armllvm_3.2.1.LTS\lib\clang\15.0.7\lib\armv7em-ti-none-eabi\</path>
         <kind>archive</kind>
         <file>libclang_rt.builtins.a</file>
         <name>comparedf2.c.obj</name>
      </input_file>
      <input_file id="fl-e3">
         <path>C:\ti\ccs1260\ccs\tools\compiler\ti-cgt-armllvm_3.2.1.LTS\lib\clang\15.0.7\lib\armv7em-ti-none-eabi\</path>
         <kind>archive</kind>
         <file>libclang_rt.builtins.a</file>
         <name>aeabi_div0.c.obj</name>
      </input_file>
      <input_file id="fl-e4">
         <path>C:\ti\ccs1260\ccs\tools\compiler\ti-cgt-armllvm_3.2.1.LTS\lib\armv7em-ti-none-eabi\c\</path>
         <kind>archive</kind>
         <file>libc.a</file>
         <name>getdevice.c.obj</name>
      </input_file>
      <input_file id="fl-e5">
         <path>C:\ti\ccs1260\ccs\tools\compiler\ti-cgt-armllvm_3.2.1.LTS\lib\armv7em-ti-none-eabi\c\</path>
         <kind>archive</kind>
         <file>libc.a</file>
         <name>strcmp_t2.S.obj</name>
      </input_file>
      <input_file id="fl-e6">
         <path>C:\ti\ccs1260\ccs\tools\compiler\ti-cgt-armllvm_3.2.1.LTS\lib\armv7em-ti-none-eabi\c\</path>
         <kind>archive</kind>
         <file>libc.a</file>
         <name>memcpy_t2.S.obj</name>
      </input_file>
      <input_file id="fl-e7">
         <path>C:\ti\ccs1260\ccs\tools\compiler\ti-cgt-armllvm_3.2.1.LTS\lib\armv7em-ti-none-eabi\c\</path>
         <kind>archive</kind>
         <file>libc.a</file>
         <name>memset_t2.S.obj</name>
      </input_file>
   </input_file_list>
   <object_component_list>
      <object_component id="oc-227">
         <name>.text:__TI_printfi_nofloat</name>
         <load_address>0x2000c040</load_address>
         <readonly>true</readonly>
         <executable>true</executable>
         <run_address>0x2000c040</run_address>
         <size>0x86c</size>
         <alignment>0x4</alignment>
         <input_file_ref idref="fl-4b"/>
      </object_component>
      <object_component id="oc-d2">
         <name>.text.PRCMCC3200MCUInit</name>
         <load_address>0x2000c8ac</load_address>
         <readonly>true</readonly>
         <executable>true</executable>
         <run_address>0x2000c8ac</run_address>
         <size>0x4b8</size>
         <alignment>0x2</alignment>
         <input_file_ref idref="fl-2e"/>
      </object_component>
      <object_component id="oc-248">
         <name>.text.Power_sleep</name>
         <load_address>0x2000cd64</load_address>
         <readonly>true</readonly>
         <executable>true</executable>
         <run_address>0x2000cd64</run_address>
         <size>0x3e4</size>
         <alignment>0x4</alignment>
         <input_file_ref idref="fl-18"/>
      </object_component>
      <object_component id="oc-1f6">
         <name>.text.UART2CC32XX_hwiIntFxn</name>
         <load_address>0x2000d148</load_address>
         <readonly>true</readonly>
         <executable>true</executable>
         <run_address>0x2000d148</run_address>
         <size>0x222</size>
         <alignment>0x2</alignment>
         <input_file_ref idref="fl-1d"/>
      </object_component>
      <object_component id="oc-e2">
         <name>.text.Board_initHook</name>
         <load_address>0x2000d36a</load_address>
         <readonly>true</readonly>
         <executable>true</executable>
         <run_address>0x2000d36a</run_address>
         <size>0x2</size>
         <alignment>0x2</alignment>
         <input_file_ref idref="fl-2"/>
      </object_component>
      <object_component id="oc-153">
         <name>.text.UART2_open</name>
         <load_address>0x2000d36c</load_address>
         <readonly>true</readonly>
         <executable>true</executable>
         <run_address>0x2000d36c</run_address>
         <size>0x1cc</size>
         <alignment>0x4</alignment>
         <input_file_ref idref="fl-1d"/>
      </object_component>
      <object_component id="oc-f5">
         <name>.text.initI2C</name>
         <load_address>0x2000d538</load_address>
         <readonly>true</readonly>
         <executable>true</executable>
         <run_address>0x2000d538</run_address>
         <size>0x178</size>
         <alignment>0x4</alignment>
         <input_file_ref idref="fl-1"/>
      </object_component>
      <object_component id="oc-22a">
         <name>.text.UART2_writeTimeoutBlocking</name>
         <load_address>0x2000d6b0</load_address>
         <readonly>true</readonly>
         <executable>true</executable>
         <run_address>0x2000d6b0</run_address>
         <size>0x174</size>
         <alignment>0x2</alignment>
         <input_file_ref idref="fl-1c"/>
      </object_component>
      <object_component id="oc-1bd">
         <name>.text.PowerCC32XX_sleepPolicy</name>
         <load_address>0x2000d824</load_address>
         <readonly>true</readonly>
         <executable>true</executable>
         <run_address>0x2000d824</run_address>
         <size>0x150</size>
         <alignment>0x4</alignment>
         <input_file_ref idref="fl-25"/>
      </object_component>
      <object_component id="oc-17a">
         <name>.text.Timer_open</name>
         <load_address>0x2000d974</load_address>
         <readonly>true</readonly>
         <executable>true</executable>
         <run_address>0x2000d974</run_address>
         <size>0x148</size>
         <alignment>0x4</alignment>
         <input_file_ref idref="fl-1b"/>
      </object_component>
      <object_component id="oc-104">
         <name>.text.GPIO_setConfig</name>
         <load_address>0x2000dabc</load_address>
         <readonly>true</readonly>
         <executable>true</executable>
         <run_address>0x2000dabc</run_address>
         <size>0x140</size>
         <alignment>0x4</alignment>
         <input_file_ref idref="fl-15"/>
      </object_component>
      <object_component id="oc-206">
         <name>.text.I2CCC32XX_hwiFxn</name>
         <load_address>0x2000dbfc</load_address>
         <readonly>true</readonly>
         <executable>true</executable>
         <run_address>0x2000dbfc</run_address>
         <size>0x138</size>
         <alignment>0x2</alignment>
         <input_file_ref idref="fl-17"/>
      </object_component>
      <object_component id="oc-20a">
         <name>.text.I2C_transferTimeout</name>
         <load_address>0x2000dd34</load_address>
         <readonly>true</readonly>
         <executable>true</executable>
         <run_address>0x2000dd34</run_address>
         <size>0x126</size>
         <alignment>0x2</alignment>
         <input_file_ref idref="fl-16"/>
      </object_component>
      <object_component id="oc-159">
         <name>.text.I2C_init</name>
         <load_address>0x2000de5a</load_address>
         <readonly>true</readonly>
         <executable>true</executable>
         <run_address>0x2000de5a</run_address>
         <size>0x2</size>
         <alignment>0x2</alignment>
         <input_file_ref idref="fl-16"/>
      </object_component>
      <object_component id="oc-2e7">
         <name>.text.aligned_alloc</name>
         <load_address>0x2000de5c</load_address>
         <readonly>true</readonly>
         <executable>true</executable>
         <run_address>0x2000de5c</run_address>
         <size>0x120</size>
         <alignment>0x4</alignment>
         <input_file_ref idref="fl-45"/>
      </object_component>
      <object_component id="oc-229">
         <name>.text.UART2_writeTimeoutNonblocking</name>
         <load_address>0x2000df7c</load_address>
         <readonly>true</readonly>
         <executable>true</executable>
         <run_address>0x2000df7c</run_address>
         <size>0x11a</size>
         <alignment>0x2</alignment>
         <input_file_ref idref="fl-1c"/>
      </object_component>
      <object_component id="oc-31e">
         <name>.text.uDMAChannelTransferSet</name>
         <load_address>0x2000e096</load_address>
         <readonly>true</readonly>
         <executable>true</executable>
         <run_address>0x2000e096</run_address>
         <size>0x112</size>
         <alignment>0x2</alignment>
         <input_file_ref idref="fl-33"/>
      </object_component>
      <object_component id="oc-187">
         <name>.text.__muldf3</name>
         <load_address>0x2000e1a8</load_address>
         <readonly>true</readonly>
         <executable>true</executable>
         <run_address>0x2000e1a8</run_address>
         <size>0xfc</size>
         <alignment>0x4</alignment>
         <input_file_ref idref="fl-d9"/>
      </object_component>
      <object_component id="oc-b0">
         <name>.text.mainThread</name>
         <load_address>0x2000e2a4</load_address>
         <readonly>true</readonly>
         <executable>true</executable>
         <run_address>0x2000e2a4</run_address>
         <size>0xfc</size>
         <alignment>0x4</alignment>
         <input_file_ref idref="fl-1"/>
      </object_component>
      <object_component id="oc-1c4">
         <name>.text.free</name>
         <load_address>0x2000e3a0</load_address>
         <readonly>true</readonly>
         <executable>true</executable>
         <run_address>0x2000e3a0</run_address>
         <size>0xf0</size>
         <alignment>0x4</alignment>
         <input_file_ref idref="fl-45"/>
      </object_component>
      <object_component id="oc-15f">
         <name>.text.I2C_open</name>
         <load_address>0x2000e490</load_address>
         <readonly>true</readonly>
         <executable>true</executable>
         <run_address>0x2000e490</run_address>
         <size>0xe8</size>
         <alignment>0x4</alignment>
         <input_file_ref idref="fl-17"/>
      </object_component>
      <object_component id="oc-1f1">
         <name>.text.UART2_close</name>
         <load_address>0x2000e578</load_address>
         <readonly>true</readonly>
         <executable>true</executable>
         <run_address>0x2000e578</run_address>
         <size>0xe8</size>
         <alignment>0x4</alignment>
         <input_file_ref idref="fl-1d"/>
      </object_component>
      <object_component id="oc-291">
         <name>.text.UART2Support_dmaStartRx</name>
         <load_address>0x2000e660</load_address>
         <readonly>true</readonly>
         <executable>true</executable>
         <run_address>0x2000e660</run_address>
         <size>0xcc</size>
         <alignment>0x4</alignment>
         <input_file_ref idref="fl-1d"/>
      </object_component>
      <object_component id="oc-313">
         <name>.text.IntDisable</name>
         <load_address>0x2000e72c</load_address>
         <readonly>true</readonly>
         <executable>true</executable>
         <run_address>0x2000e72c</run_address>
         <size>0xc8</size>
         <alignment>0x2</alignment>
         <input_file_ref idref="fl-2c"/>
      </object_component>
      <object_component id="oc-27a">
         <name>.text.IntEnable</name>
         <load_address>0x2000e7f4</load_address>
         <readonly>true</readonly>
         <executable>true</executable>
         <run_address>0x2000e7f4</run_address>
         <size>0xc8</size>
         <alignment>0x2</alignment>
         <input_file_ref idref="fl-2c"/>
      </object_component>
      <object_component id="oc-1ed">
         <name>.text.UART2CC32XX_initHw</name>
         <load_address>0x2000e8bc</load_address>
         <readonly>true</readonly>
         <executable>true</executable>
         <run_address>0x2000e8bc</run_address>
         <size>0xc4</size>
         <alignment>0x4</alignment>
         <input_file_ref idref="fl-1d"/>
      </object_component>
      <object_component id="oc-294">
         <name>.text.UART2Support_dmaStartTx</name>
         <load_address>0x2000e980</load_address>
         <readonly>true</readonly>
         <executable>true</executable>
         <run_address>0x2000e980</run_address>
         <size>0xb8</size>
         <alignment>0x4</alignment>
         <input_file_ref idref="fl-1d"/>
      </object_component>
      <object_component id="oc-2ee">
         <name>.text</name>
         <load_address>0x2000ea38</load_address>
         <readonly>true</readonly>
         <executable>true</executable>
         <run_address>0x2000ea38</run_address>
         <size>0xb0</size>
         <alignment>0x4</alignment>
         <input_file_ref idref="fl-e1"/>
      </object_component>
      <object_component id="oc-22d">
         <name>.text.GPIOIntTypeSet</name>
         <load_address>0x2000eae8</load_address>
         <readonly>true</readonly>
         <executable>true</executable>
         <run_address>0x2000eae8</run_address>
         <size>0xac</size>
         <alignment>0x2</alignment>
         <input_file_ref idref="fl-29"/>
      </object_component>
      <object_component id="oc-376">
         <name>.text.IntPendSet</name>
         <load_address>0x2000eb94</load_address>
         <readonly>true</readonly>
         <executable>true</executable>
         <run_address>0x2000eb94</run_address>
         <size>0xa4</size>
         <alignment>0x2</alignment>
         <input_file_ref idref="fl-2c"/>
      </object_component>
      <object_component id="oc-19a">
         <name>.text.PinConfigSet</name>
         <load_address>0x2000ec38</load_address>
         <readonly>true</readonly>
         <executable>true</executable>
         <run_address>0x2000ec38</run_address>
         <size>0xa2</size>
         <alignment>0x2</alignment>
         <input_file_ref idref="fl-2d"/>
      </object_component>
      <object_component id="oc-2a7">
         <name>.text.I2CCC32XX_completeTransfer</name>
         <load_address>0x2000ecda</load_address>
         <readonly>true</readonly>
         <executable>true</executable>
         <run_address>0x2000ecda</run_address>
         <size>0x9c</size>
         <alignment>0x2</alignment>
         <input_file_ref idref="fl-17"/>
      </object_component>
      <object_component id="oc-298">
         <name>.text.I2CMasterInitExpClk</name>
         <load_address>0x2000ed76</load_address>
         <readonly>true</readonly>
         <executable>true</executable>
         <run_address>0x2000ed76</run_address>
         <size>0x98</size>
         <alignment>0x2</alignment>
         <input_file_ref idref="fl-2b"/>
      </object_component>
      <object_component id="oc-1b8">
         <name>.text.PowerCC32XX_initPolicy</name>
         <load_address>0x2000ee0e</load_address>
         <readonly>true</readonly>
         <executable>true</executable>
         <run_address>0x2000ee0e</run_address>
         <size>0x2</size>
         <alignment>0x2</alignment>
         <input_file_ref idref="fl-25"/>
      </object_component>
      <object_component id="oc-13a">
         <name>.text.SemaphoreP_pend</name>
         <load_address>0x2000ee10</load_address>
         <readonly>true</readonly>
         <executable>true</executable>
         <run_address>0x2000ee10</run_address>
         <size>0x98</size>
         <alignment>0x4</alignment>
         <input_file_ref idref="fl-22"/>
      </object_component>
      <object_component id="oc-137">
         <name>.text.HwiP_disable</name>
         <load_address>0x2000eea8</load_address>
         <readonly>true</readonly>
         <executable>true</executable>
         <run_address>0x2000eea8</run_address>
         <size>0x8</size>
         <alignment>0x2</alignment>
         <input_file_ref idref="fl-24"/>
      </object_component>
      <object_component id="oc-2fa">
         <name>.text</name>
         <load_address>0x2000eeb0</load_address>
         <readonly>true</readonly>
         <executable>true</executable>
         <run_address>0x2000eeb0</run_address>
         <size>0x96</size>
         <alignment>0x10</alignment>
         <input_file_ref idref="fl-19"/>
      </object_component>
      <object_component id="oc-273">
         <name>.text.uDMAChannelAttributeDisable</name>
         <load_address>0x2000ef46</load_address>
         <readonly>true</readonly>
         <executable>true</executable>
         <run_address>0x2000ef46</run_address>
         <size>0x92</size>
         <alignment>0x2</alignment>
         <input_file_ref idref="fl-33"/>
      </object_component>
      <object_component id="oc-dc">
         <name>.text.GPIO_init</name>
         <load_address>0x2000efd8</load_address>
         <readonly>true</readonly>
         <executable>true</executable>
         <run_address>0x2000efd8</run_address>
         <size>0x90</size>
         <alignment>0x4</alignment>
         <input_file_ref idref="fl-15"/>
      </object_component>
      <object_component id="oc-119">
         <name>.text.PRCMSysResetCauseGet</name>
         <load_address>0x2000f068</load_address>
         <readonly>true</readonly>
         <executable>true</executable>
         <run_address>0x2000f068</run_address>
         <size>0x8e</size>
         <alignment>0x2</alignment>
         <input_file_ref idref="fl-2e"/>
      </object_component>
      <object_component id="oc-283">
         <name>.text.SemaphoreP_destruct</name>
         <load_address>0x2000f0f6</load_address>
         <readonly>true</readonly>
         <executable>true</executable>
         <run_address>0x2000f0f6</run_address>
         <size>0x2</size>
         <alignment>0x2</alignment>
         <input_file_ref idref="fl-22"/>
      </object_component>
      <object_component id="oc-12b">
         <name>.text.PowerCC32XX_configureWakeup</name>
         <load_address>0x2000f0f8</load_address>
         <readonly>true</readonly>
         <executable>true</executable>
         <run_address>0x2000f0f8</run_address>
         <size>0x88</size>
         <alignment>0x4</alignment>
         <input_file_ref idref="fl-18"/>
      </object_component>
      <object_component id="oc-f7">
         <name>.text.readTemp</name>
         <load_address>0x2000f180</load_address>
         <readonly>true</readonly>
         <executable>true</executable>
         <run_address>0x2000f180</run_address>
         <size>0x88</size>
         <alignment>0x4</alignment>
         <input_file_ref idref="fl-1"/>
      </object_component>
      <object_component id="oc-2a4">
         <name>.text.I2CCC32XX_primeReadBurst</name>
         <load_address>0x2000f208</load_address>
         <readonly>true</readonly>
         <executable>true</executable>
         <run_address>0x2000f208</run_address>
         <size>0x7a</size>
         <alignment>0x2</alignment>
         <input_file_ref idref="fl-17"/>
      </object_component>
      <object_component id="oc-173">
         <name>.text.Timer_init</name>
         <load_address>0x2000f282</load_address>
         <readonly>true</readonly>
         <executable>true</executable>
         <run_address>0x2000f282</run_address>
         <size>0x2</size>
         <alignment>0x2</alignment>
         <input_file_ref idref="fl-1a"/>
      </object_component>
      <object_component id="oc-d7">
         <name>.text.Power_init</name>
         <load_address>0x2000f284</load_address>
         <readonly>true</readonly>
         <executable>true</executable>
         <run_address>0x2000f284</run_address>
         <size>0x78</size>
         <alignment>0x4</alignment>
         <input_file_ref idref="fl-18"/>
      </object_component>
      <object_component id="oc-1ef">
         <name>.text.HwiP_construct</name>
         <load_address>0x2000f2fc</load_address>
         <readonly>true</readonly>
         <executable>true</executable>
         <run_address>0x2000f2fc</run_address>
         <size>0x74</size>
         <alignment>0x4</alignment>
         <input_file_ref idref="fl-24"/>
      </object_component>
      <object_component id="oc-1b5">
         <name>.text.PRCMHibernateWakeUpGPIOSelect</name>
         <load_address>0x2000f370</load_address>
         <readonly>true</readonly>
         <executable>true</executable>
         <run_address>0x2000f370</run_address>
         <size>0x74</size>
         <alignment>0x2</alignment>
         <input_file_ref idref="fl-2e"/>
      </object_component>
      <object_component id="oc-268">
         <name>.text.UARTConfigSetExpClk</name>
         <load_address>0x2000f3e4</load_address>
         <readonly>true</readonly>
         <executable>true</executable>
         <run_address>0x2000f3e4</run_address>
         <size>0x74</size>
         <alignment>0x2</alignment>
         <input_file_ref idref="fl-32"/>
      </object_component>
      <object_component id="oc-18">
         <name>.text:decompress:lzss</name>
         <load_address>0x2000f458</load_address>
         <readonly>true</readonly>
         <executable>true</executable>
         <run_address>0x2000f458</run_address>
         <size>0x70</size>
         <alignment>0x2</alignment>
         <input_file_ref idref="fl-48"/>
      </object_component>
      <object_component id="oc-2f8">
         <name>.text.PinLockLevelSet</name>
         <load_address>0x2000f4c8</load_address>
         <readonly>true</readonly>
         <executable>true</executable>
         <run_address>0x2000f4c8</run_address>
         <size>0x6c</size>
         <alignment>0x2</alignment>
         <input_file_ref idref="fl-2d"/>
      </object_component>
      <object_component id="oc-19b">
         <name>.text.Power_setDependency</name>
         <load_address>0x2000f534</load_address>
         <readonly>true</readonly>
         <executable>true</executable>
         <run_address>0x2000f534</run_address>
         <size>0x6c</size>
         <alignment>0x4</alignment>
         <input_file_ref idref="fl-18"/>
      </object_component>
      <object_component id="oc-1eb">
         <name>.text.UDMACC32XX_open</name>
         <load_address>0x2000f5a0</load_address>
         <readonly>true</readonly>
         <executable>true</executable>
         <run_address>0x2000f5a0</run_address>
         <size>0x6c</size>
         <alignment>0x4</alignment>
         <input_file_ref idref="fl-20"/>
      </object_component>
      <object_component id="oc-141">
         <name>.text.powerNotifyFxn</name>
         <load_address>0x2000f60c</load_address>
         <readonly>true</readonly>
         <executable>true</executable>
         <run_address>0x2000f60c</run_address>
         <size>0x6c</size>
         <alignment>0x4</alignment>
         <input_file_ref idref="fl-15"/>
      </object_component>
      <object_component id="oc-362">
         <name>.text.split</name>
         <load_address>0x2000f678</load_address>
         <readonly>true</readonly>
         <executable>true</executable>
         <run_address>0x2000f678</run_address>
         <size>0x6c</size>
         <alignment>0x4</alignment>
         <input_file_ref idref="fl-45"/>
      </object_component>
      <object_component id="oc-121">
         <name>.text.PRCMPeripheralReset</name>
         <load_address>0x2000f6e4</load_address>
         <readonly>true</readonly>
         <executable>true</executable>
         <run_address>0x2000f6e4</run_address>
         <size>0x6a</size>
         <alignment>0x2</alignment>
         <input_file_ref idref="fl-2e"/>
      </object_component>
      <object_component id="oc-1f4">
         <name>.text.UART2CC32XX_eventCallback</name>
         <load_address>0x2000f74e</load_address>
         <readonly>true</readonly>
         <executable>true</executable>
         <run_address>0x2000f74e</run_address>
         <size>0x2</size>
         <alignment>0x2</alignment>
         <input_file_ref idref="fl-1d"/>
      </object_component>
      <object_component id="oc-201">
         <name>.text.I2CCC32XX_initHw</name>
         <load_address>0x2000f750</load_address>
         <readonly>true</readonly>
         <executable>true</executable>
         <run_address>0x2000f750</run_address>
         <size>0x68</size>
         <alignment>0x4</alignment>
         <input_file_ref idref="fl-17"/>
      </object_component>
      <object_component id="oc-277">
         <name>.text.IntPendClear</name>
         <load_address>0x2000f7b8</load_address>
         <readonly>true</readonly>
         <executable>true</executable>
         <run_address>0x2000f7b8</run_address>
         <size>0x68</size>
         <alignment>0x2</alignment>
         <input_file_ref idref="fl-2c"/>
      </object_component>
      <object_component id="oc-2a5">
         <name>.text.I2CCC32XX_primeWriteBurst</name>
         <load_address>0x2000f820</load_address>
         <readonly>true</readonly>
         <executable>true</executable>
         <run_address>0x2000f820</run_address>
         <size>0x66</size>
         <alignment>0x2</alignment>
         <input_file_ref idref="fl-17"/>
      </object_component>
      <object_component id="oc-365">
         <name>.text.__aeabi_ldiv0</name>
         <load_address>0x2000f886</load_address>
         <readonly>true</readonly>
         <executable>true</executable>
         <run_address>0x2000f886</run_address>
         <size>0x2</size>
         <alignment>0x2</alignment>
         <input_file_ref idref="fl-e3"/>
      </object_component>
      <object_component id="oc-ed">
         <name>.text.GPIO_write</name>
         <load_address>0x2000f888</load_address>
         <readonly>true</readonly>
         <executable>true</executable>
         <run_address>0x2000f888</run_address>
         <size>0x60</size>
         <alignment>0x4</alignment>
         <input_file_ref idref="fl-15"/>
      </object_component>
      <object_component id="oc-293">
         <name>.text.UART2Support_dmaStopTx</name>
         <load_address>0x2000f8e8</load_address>
         <readonly>true</readonly>
         <executable>true</executable>
         <run_address>0x2000f8e8</run_address>
         <size>0x60</size>
         <alignment>0x2</alignment>
         <input_file_ref idref="fl-1d"/>
      </object_component>
      <object_component id="oc-371">
         <name>.text.FlashDisable</name>
         <load_address>0x2000f948</load_address>
         <readonly>true</readonly>
         <executable>true</executable>
         <run_address>0x2000f948</run_address>
         <size>0x5c</size>
         <alignment>0x2</alignment>
         <input_file_ref idref="fl-35"/>
      </object_component>
      <object_component id="oc-2aa">
         <name>.text.I2CSupport_primeTransfer</name>
         <load_address>0x2000f9a4</load_address>
         <readonly>true</readonly>
         <executable>true</executable>
         <run_address>0x2000f9a4</run_address>
         <size>0x5c</size>
         <alignment>0x2</alignment>
         <input_file_ref idref="fl-17"/>
      </object_component>
      <object_component id="oc-1b7">
         <name>.text.PRCMHibernateWakeupSourceDisable</name>
         <load_address>0x2000fa00</load_address>
         <readonly>true</readonly>
         <executable>true</executable>
         <run_address>0x2000fa00</run_address>
         <size>0x5c</size>
         <alignment>0x2</alignment>
         <input_file_ref idref="fl-2e"/>
      </object_component>
      <object_component id="oc-211">
         <name>.text.TimerCC32XX_allocateTimerResource</name>
         <load_address>0x2000fa5c</load_address>
         <readonly>true</readonly>
         <executable>true</executable>
         <run_address>0x2000fa5c</run_address>
         <size>0x5c</size>
         <alignment>0x4</alignment>
         <input_file_ref idref="fl-1b"/>
      </object_component>
      <object_component id="oc-120">
         <name>.text.PRCMPeripheralClkEnable</name>
         <load_address>0x2000fab8</load_address>
         <readonly>true</readonly>
         <executable>true</executable>
         <run_address>0x2000fab8</run_address>
         <size>0x5a</size>
         <alignment>0x2</alignment>
         <input_file_ref idref="fl-2e"/>
      </object_component>
      <object_component id="oc-1a3">
         <name>.text._nop</name>
         <load_address>0x2000fb12</load_address>
         <readonly>true</readonly>
         <executable>true</executable>
         <run_address>0x2000fb12</run_address>
         <size>0x2</size>
         <alignment>0x2</alignment>
         <input_file_ref idref="fl-50"/>
      </object_component>
      <object_component id="oc-2ec">
         <name>.text.ClockP_startup</name>
         <load_address>0x2000fb14</load_address>
         <readonly>true</readonly>
         <executable>true</executable>
         <run_address>0x2000fb14</run_address>
         <size>0x58</size>
         <alignment>0x4</alignment>
         <input_file_ref idref="fl-23"/>
      </object_component>
      <object_component id="oc-279">
         <name>.text.IntPrioritySet</name>
         <load_address>0x2000fb6c</load_address>
         <readonly>true</readonly>
         <executable>true</executable>
         <run_address>0x2000fb6c</run_address>
         <size>0x58</size>
         <alignment>0x2</alignment>
         <input_file_ref idref="fl-2c"/>
      </object_component>
      <object_component id="oc-304">
         <name>.text.PRCMLPDSEnter</name>
         <load_address>0x2000fbc4</load_address>
         <readonly>true</readonly>
         <executable>true</executable>
         <run_address>0x2000fbc4</run_address>
         <size>0x56</size>
         <alignment>0x2</alignment>
         <input_file_ref idref="fl-2e"/>
      </object_component>
      <object_component id="oc-57">
         <name>.text.busFaultHandler</name>
         <load_address>0x2000fc1a</load_address>
         <readonly>true</readonly>
         <executable>true</executable>
         <run_address>0x2000fc1a</run_address>
         <size>0x2</size>
         <alignment>0x2</alignment>
         <input_file_ref idref="fl-26"/>
      </object_component>
      <object_component id="oc-1d7">
         <name>.text.PowerCC32XX_setParkState</name>
         <load_address>0x2000fc1c</load_address>
         <readonly>true</readonly>
         <executable>true</executable>
         <run_address>0x2000fc1c</run_address>
         <size>0x54</size>
         <alignment>0x4</alignment>
         <input_file_ref idref="fl-18"/>
      </object_component>
      <object_component id="oc-286">
         <name>.text.Power_releaseDependency</name>
         <load_address>0x2000fc70</load_address>
         <readonly>true</readonly>
         <executable>true</executable>
         <run_address>0x2000fc70</run_address>
         <size>0x54</size>
         <alignment>0x4</alignment>
         <input_file_ref idref="fl-18"/>
      </object_component>
      <object_component id="oc-1a2">
         <name>.text.GPIO_hwiIntFxn</name>
         <load_address>0x2000fcc4</load_address>
         <readonly>true</readonly>
         <executable>true</executable>
         <run_address>0x2000fcc4</run_address>
         <size>0x50</size>
         <alignment>0x4</alignment>
         <input_file_ref idref="fl-15"/>
      </object_component>
      <object_component id="oc-1b6">
         <name>.text.PRCMHibernateWakeupSourceEnable</name>
         <load_address>0x2000fd14</load_address>
         <readonly>true</readonly>
         <executable>true</executable>
         <run_address>0x2000fd14</run_address>
         <size>0x50</size>
         <alignment>0x2</alignment>
         <input_file_ref idref="fl-2e"/>
      </object_component>
      <object_component id="oc-251">
         <name>.text.SemaphoreP_construct</name>
         <load_address>0x2000fd64</load_address>
         <readonly>true</readonly>
         <executable>true</executable>
         <run_address>0x2000fd64</run_address>
         <size>0x50</size>
         <alignment>0x4</alignment>
         <input_file_ref idref="fl-22"/>
      </object_component>
      <object_component id="oc-272">
         <name>.text.uDMAChannelAssign</name>
         <load_address>0x2000fdb4</load_address>
         <readonly>true</readonly>
         <executable>true</executable>
         <run_address>0x2000fdb4</run_address>
         <size>0x4e</size>
         <alignment>0x2</alignment>
         <input_file_ref idref="fl-33"/>
      </object_component>
      <object_component id="oc-1cb">
         <name>.text.clkFxn</name>
         <load_address>0x2000fe02</load_address>
         <readonly>true</readonly>
         <executable>true</executable>
         <run_address>0x2000fe02</run_address>
         <size>0x2</size>
         <alignment>0x2</alignment>
         <input_file_ref idref="fl-22"/>
      </object_component>
      <object_component id="oc-19f">
         <name>.text.GPIO_setInterruptConfig</name>
         <load_address>0x2000fe04</load_address>
         <readonly>true</readonly>
         <executable>true</executable>
         <run_address>0x2000fe04</run_address>
         <size>0x4c</size>
         <alignment>0x4</alignment>
         <input_file_ref idref="fl-15"/>
      </object_component>
      <object_component id="oc-36f">
         <name>.text.PRCMLPDSRestoreInfoSet</name>
         <load_address>0x2000fe50</load_address>
         <readonly>true</readonly>
         <executable>true</executable>
         <run_address>0x2000fe50</run_address>
         <size>0x4c</size>
         <alignment>0x2</alignment>
         <input_file_ref idref="fl-2e"/>
      </object_component>
      <object_component id="oc-215">
         <name>.text.initHw</name>
         <load_address>0x2000fe9c</load_address>
         <readonly>true</readonly>
         <executable>true</executable>
         <run_address>0x2000fe9c</run_address>
         <size>0x4c</size>
         <alignment>0x2</alignment>
         <input_file_ref idref="fl-1b"/>
      </object_component>
      <object_component id="oc-28f">
         <name>.text.UART2Support_dmaStopRx</name>
         <load_address>0x2000fee8</load_address>
         <readonly>true</readonly>
         <executable>true</executable>
         <run_address>0x2000fee8</run_address>
         <size>0x4a</size>
         <alignment>0x2</alignment>
         <input_file_ref idref="fl-1d"/>
      </object_component>
      <object_component id="oc-214">
         <name>.text.getPrescaler</name>
         <load_address>0x2000ff32</load_address>
         <readonly>true</readonly>
         <executable>true</executable>
         <run_address>0x2000ff32</run_address>
         <size>0x4a</size>
         <alignment>0x2</alignment>
         <input_file_ref idref="fl-1b"/>
      </object_component>
      <object_component id="oc-31a">
         <name>.text.uDMAChannelSizeGet</name>
         <load_address>0x2000ff7c</load_address>
         <readonly>true</readonly>
         <executable>true</executable>
         <run_address>0x2000ff7c</run_address>
         <size>0x4a</size>
         <alignment>0x2</alignment>
         <input_file_ref idref="fl-33"/>
      </object_component>
      <object_component id="oc-56">
         <name>.text.defaultHandler</name>
         <load_address>0x2000ffc6</load_address>
         <readonly>true</readonly>
         <executable>true</executable>
         <run_address>0x2000ffc6</run_address>
         <size>0x2</size>
         <alignment>0x2</alignment>
         <input_file_ref idref="fl-26"/>
      </object_component>
      <object_component id="oc-58">
         <name>.text.ClockP_sysTickHandler</name>
         <load_address>0x2000ffc8</load_address>
         <readonly>true</readonly>
         <executable>true</executable>
         <run_address>0x2000ffc8</run_address>
         <size>0x48</size>
         <alignment>0x4</alignment>
         <input_file_ref idref="fl-23"/>
      </object_component>
      <object_component id="oc-2fe">
         <name>.text.PRCMIntEnable</name>
         <load_address>0x20010010</load_address>
         <readonly>true</readonly>
         <executable>true</executable>
         <run_address>0x20010010</run_address>
         <size>0x48</size>
         <alignment>0x2</alignment>
         <input_file_ref idref="fl-2e"/>
      </object_component>
      <object_component id="oc-22b">
         <name>.text.PRCMPeripheralStatusGet</name>
         <load_address>0x20010058</load_address>
         <readonly>true</readonly>
         <executable>true</executable>
         <run_address>0x20010058</run_address>
         <size>0x48</size>
         <alignment>0x2</alignment>
         <input_file_ref idref="fl-2e"/>
      </object_component>
      <object_component id="oc-36c">
         <name>.text.PinConfigGet</name>
         <load_address>0x200100a0</load_address>
         <readonly>true</readonly>
         <executable>true</executable>
         <run_address>0x200100a0</run_address>
         <size>0x48</size>
         <alignment>0x2</alignment>
         <input_file_ref idref="fl-2d"/>
      </object_component>
      <object_component id="oc-18b">
         <name>.text.__fixdfsi</name>
         <load_address>0x200100e8</load_address>
         <readonly>true</readonly>
         <executable>true</executable>
         <run_address>0x200100e8</run_address>
         <size>0x48</size>
         <alignment>0x4</alignment>
         <input_file_ref idref="fl-db"/>
      </object_component>
      <object_component id="oc-2a3">
         <name>.text.I2CCC32XX_fillTransmitFifo</name>
         <load_address>0x20010130</load_address>
         <readonly>true</readonly>
         <executable>true</executable>
         <run_address>0x20010130</run_address>
         <size>0x46</size>
         <alignment>0x2</alignment>
         <input_file_ref idref="fl-17"/>
      </object_component>
      <object_component id="oc-303">
         <name>.text.PRCMLPDSEnterKeepDebugIf</name>
         <load_address>0x20010176</load_address>
         <readonly>true</readonly>
         <executable>true</executable>
         <run_address>0x20010176</run_address>
         <size>0x46</size>
         <alignment>0x2</alignment>
         <input_file_ref idref="fl-2e"/>
      </object_component>
      <object_component id="oc-318">
         <name>.text.RingBuf_put</name>
         <load_address>0x200101bc</load_address>
         <readonly>true</readonly>
         <executable>true</executable>
         <run_address>0x200101bc</run_address>
         <size>0x46</size>
         <alignment>0x2</alignment>
         <input_file_ref idref="fl-1f"/>
      </object_component>
      <object_component id="oc-19e">
         <name>.text.GPIODirModeSet</name>
         <load_address>0x20010202</load_address>
         <readonly>true</readonly>
         <executable>true</executable>
         <run_address>0x20010202</run_address>
         <size>0x44</size>
         <alignment>0x2</alignment>
         <input_file_ref idref="fl-29"/>
      </object_component>
      <object_component id="oc-55">
         <name>.text.faultISR</name>
         <load_address>0x20010246</load_address>
         <readonly>true</readonly>
         <executable>true</executable>
         <run_address>0x20010246</run_address>
         <size>0x2</size>
         <alignment>0x2</alignment>
         <input_file_ref idref="fl-26"/>
      </object_component>
      <object_component id="oc-22e">
         <name>.text.GPIO_disableInt</name>
         <load_address>0x20010248</load_address>
         <readonly>true</readonly>
         <executable>true</executable>
         <run_address>0x20010248</run_address>
         <size>0x44</size>
         <alignment>0x4</alignment>
         <input_file_ref idref="fl-15"/>
      </object_component>
      <object_component id="oc-f3">
         <name>.text.GPIO_enableInt</name>
         <load_address>0x2001028c</load_address>
         <readonly>true</readonly>
         <executable>true</executable>
         <run_address>0x2001028c</run_address>
         <size>0x44</size>
         <alignment>0x4</alignment>
         <input_file_ref idref="fl-15"/>
      </object_component>
      <object_component id="oc-292">
         <name>.text.Power_releaseConstraint</name>
         <load_address>0x200102d0</load_address>
         <readonly>true</readonly>
         <executable>true</executable>
         <run_address>0x200102d0</run_address>
         <size>0x44</size>
         <alignment>0x4</alignment>
         <input_file_ref idref="fl-18"/>
      </object_component>
      <object_component id="oc-180">
         <name>.text.Timer_start</name>
         <load_address>0x20010314</load_address>
         <readonly>true</readonly>
         <executable>true</executable>
         <run_address>0x20010314</run_address>
         <size>0x44</size>
         <alignment>0x2</alignment>
         <input_file_ref idref="fl-1a"/>
      </object_component>
      <object_component id="oc-7d">
         <name>.text.addToList</name>
         <load_address>0x20010358</load_address>
         <readonly>true</readonly>
         <executable>true</executable>
         <run_address>0x20010358</run_address>
         <size>0x44</size>
         <alignment>0x4</alignment>
         <input_file_ref idref="fl-23"/>
      </object_component>
      <object_component id="oc-f6">
         <name>.text.initTimer</name>
         <load_address>0x2001039c</load_address>
         <readonly>true</readonly>
         <executable>true</executable>
         <run_address>0x2001039c</run_address>
         <size>0x44</size>
         <alignment>0x4</alignment>
         <input_file_ref idref="fl-1"/>
      </object_component>
      <object_component id="oc-f8">
         <name>.text.snprintf</name>
         <load_address>0x200103e0</load_address>
         <readonly>true</readonly>
         <executable>true</executable>
         <run_address>0x200103e0</run_address>
         <size>0x44</size>
         <alignment>0x4</alignment>
         <input_file_ref idref="fl-44"/>
      </object_component>
      <object_component id="oc-128">
         <name>.text.PinModeSet</name>
         <load_address>0x20010424</load_address>
         <readonly>true</readonly>
         <executable>true</executable>
         <run_address>0x20010424</run_address>
         <size>0x42</size>
         <alignment>0x2</alignment>
         <input_file_ref idref="fl-2d"/>
      </object_component>
      <object_component id="oc-2ba">
         <name>.text.TimerControlStall</name>
         <load_address>0x20010466</load_address>
         <readonly>true</readonly>
         <executable>true</executable>
         <run_address>0x20010466</run_address>
         <size>0x42</size>
         <alignment>0x2</alignment>
         <input_file_ref idref="fl-31"/>
      </object_component>
      <object_component id="oc-213">
         <name>.text.Timer_close</name>
         <load_address>0x200104a8</load_address>
         <readonly>true</readonly>
         <executable>true</executable>
         <run_address>0x200104a8</run_address>
         <size>0x42</size>
         <alignment>0x2</alignment>
         <input_file_ref idref="fl-1b"/>
      </object_component>
      <object_component id="oc-23d">
         <name>.text.getCountsRTC</name>
         <load_address>0x200104ea</load_address>
         <readonly>true</readonly>
         <executable>true</executable>
         <run_address>0x200104ea</run_address>
         <size>0x42</size>
         <alignment>0x2</alignment>
         <input_file_ref idref="fl-25"/>
      </object_component>
      <object_component id="oc-13c">
         <name>.text.SemaphoreP_post</name>
         <load_address>0x2001052c</load_address>
         <readonly>true</readonly>
         <executable>true</executable>
         <run_address>0x2001052c</run_address>
         <size>0x40</size>
         <alignment>0x4</alignment>
         <input_file_ref idref="fl-22"/>
      </object_component>
      <object_component id="oc-2b0">
         <name>.text.Timer_stop</name>
         <load_address>0x2001056c</load_address>
         <readonly>true</readonly>
         <executable>true</executable>
         <run_address>0x2001056c</run_address>
         <size>0x40</size>
         <alignment>0x2</alignment>
         <input_file_ref idref="fl-1a"/>
      </object_component>
      <object_component id="oc-2ca">
         <name>.text.atoi</name>
         <load_address>0x200105ac</load_address>
         <readonly>true</readonly>
         <executable>true</executable>
         <run_address>0x200105ac</run_address>
         <size>0x40</size>
         <alignment>0x4</alignment>
         <input_file_ref idref="fl-54"/>
      </object_component>
      <object_component id="oc-31d">
         <name>.text.uDMAChannelControlSet</name>
         <load_address>0x200105ec</load_address>
         <readonly>true</readonly>
         <executable>true</executable>
         <run_address>0x200105ec</run_address>
         <size>0x40</size>
         <alignment>0x2</alignment>
         <input_file_ref idref="fl-33"/>
      </object_component>
      <object_component id="oc-36e">
         <name>.text.PinDirModeSet</name>
         <load_address>0x2001062c</load_address>
         <readonly>true</readonly>
         <executable>true</executable>
         <run_address>0x2001062c</run_address>
         <size>0x3e</size>
         <alignment>0x2</alignment>
         <input_file_ref idref="fl-2d"/>
      </object_component>
      <object_component id="oc-54">
         <name>.text.nmiISR</name>
         <load_address>0x2001066a</load_address>
         <readonly>true</readonly>
         <executable>true</executable>
         <run_address>0x2001066a</run_address>
         <size>0x2</size>
         <alignment>0x2</alignment>
         <input_file_ref idref="fl-26"/>
      </object_component>
      <object_component id="oc-255">
         <name>.text.ClockP_stop</name>
         <load_address>0x2001066c</load_address>
         <readonly>true</readonly>
         <executable>true</executable>
         <run_address>0x2001066c</run_address>
         <size>0x3c</size>
         <alignment>0x4</alignment>
         <input_file_ref idref="fl-23"/>
      </object_component>
      <object_component id="oc-1e6">
         <name>.text.UDMACC32XX_init</name>
         <load_address>0x200106a8</load_address>
         <readonly>true</readonly>
         <executable>true</executable>
         <run_address>0x200106a8</run_address>
         <size>0x3c</size>
         <alignment>0x4</alignment>
         <input_file_ref idref="fl-20"/>
      </object_component>
      <object_component id="oc-21d">
         <name>.text.TimerSupport_timerEnable</name>
         <load_address>0x200106e4</load_address>
         <readonly>true</readonly>
         <executable>true</executable>
         <run_address>0x200106e4</run_address>
         <size>0x3a</size>
         <alignment>0x2</alignment>
         <input_file_ref idref="fl-1b"/>
      </object_component>
      <object_component id="oc-1ca">
         <name>.text.ClockP_destruct</name>
         <load_address>0x20010720</load_address>
         <readonly>true</readonly>
         <executable>true</executable>
         <run_address>0x20010720</run_address>
         <size>0x38</size>
         <alignment>0x4</alignment>
         <input_file_ref idref="fl-23"/>
      </object_component>
      <object_component id="oc-2bf">
         <name>.text.Power_setConstraint</name>
         <load_address>0x20010758</load_address>
         <readonly>true</readonly>
         <executable>true</executable>
         <run_address>0x20010758</run_address>
         <size>0x38</size>
         <alignment>0x4</alignment>
         <input_file_ref idref="fl-18"/>
      </object_component>
      <object_component id="oc-2e2">
         <name>.text.RingBuf_putAdvance</name>
         <load_address>0x20010790</load_address>
         <readonly>true</readonly>
         <executable>true</executable>
         <run_address>0x20010790</run_address>
         <size>0x38</size>
         <alignment>0x2</alignment>
         <input_file_ref idref="fl-1f"/>
      </object_component>
      <object_component id="oc-24e">
         <name>.text.SwiP_restore</name>
         <load_address>0x200107c8</load_address>
         <readonly>true</readonly>
         <executable>true</executable>
         <run_address>0x200107c8</run_address>
         <size>0x38</size>
         <alignment>0x4</alignment>
         <input_file_ref idref="fl-27"/>
      </object_component>
      <object_component id="oc-284">
         <name>.text.UDMACC32XX_close</name>
         <load_address>0x20010800</load_address>
         <readonly>true</readonly>
         <executable>true</executable>
         <run_address>0x20010800</run_address>
         <size>0x38</size>
         <alignment>0x4</alignment>
         <input_file_ref idref="fl-20"/>
      </object_component>
      <object_component id="oc-bf">
         <name>.text:__TI_auto_init_nobinit_nopinit</name>
         <load_address>0x20010838</load_address>
         <readonly>true</readonly>
         <executable>true</executable>
         <run_address>0x20010838</run_address>
         <size>0x38</size>
         <alignment>0x4</alignment>
         <input_file_ref idref="fl-57"/>
      </object_component>
      <object_component id="oc-2f9">
         <name>.text.PinLock</name>
         <load_address>0x20010870</load_address>
         <readonly>true</readonly>
         <executable>true</executable>
         <run_address>0x20010870</run_address>
         <size>0x36</size>
         <alignment>0x2</alignment>
         <input_file_ref idref="fl-2d"/>
      </object_component>
      <object_component id="oc-21a">
         <name>.text.TimerCC32XX_hwiIntFunction</name>
         <load_address>0x200108a6</load_address>
         <readonly>true</readonly>
         <executable>true</executable>
         <run_address>0x200108a6</run_address>
         <size>0x36</size>
         <alignment>0x2</alignment>
         <input_file_ref idref="fl-1b"/>
      </object_component>
      <object_component id="oc-360">
         <name>.text.UARTCharPutNonBlocking</name>
         <load_address>0x200108dc</load_address>
         <readonly>true</readonly>
         <executable>true</executable>
         <run_address>0x200108dc</run_address>
         <size>0x36</size>
         <alignment>0x2</alignment>
         <input_file_ref idref="fl-32"/>
      </object_component>
      <object_component id="oc-1c7">
         <name>.text.ClockP_start</name>
         <load_address>0x20010914</load_address>
         <readonly>true</readonly>
         <executable>true</executable>
         <run_address>0x20010914</run_address>
         <size>0x34</size>
         <alignment>0x4</alignment>
         <input_file_ref idref="fl-23"/>
      </object_component>
      <object_component id="oc-324">
         <name>.text.I2CFIFODataPutNonBlocking</name>
         <load_address>0x20010948</load_address>
         <readonly>true</readonly>
         <executable>true</executable>
         <run_address>0x20010948</run_address>
         <size>0x34</size>
         <alignment>0x2</alignment>
         <input_file_ref idref="fl-2b"/>
      </object_component>
      <object_component id="oc-36d">
         <name>.text.PinDirModeGet</name>
         <load_address>0x2001097c</load_address>
         <readonly>true</readonly>
         <executable>true</executable>
         <run_address>0x2001097c</run_address>
         <size>0x34</size>
         <alignment>0x2</alignment>
         <input_file_ref idref="fl-2d"/>
      </object_component>
      <object_component id="oc-123">
         <name>.text.PinModeGet</name>
         <load_address>0x200109b0</load_address>
         <readonly>true</readonly>
         <executable>true</executable>
         <run_address>0x200109b0</run_address>
         <size>0x34</size>
         <alignment>0x2</alignment>
         <input_file_ref idref="fl-2d"/>
      </object_component>
      <object_component id="oc-2f7">
         <name>.text.PowerCC32XX_parkPin</name>
         <load_address>0x200109e4</load_address>
         <readonly>true</readonly>
         <executable>true</executable>
         <run_address>0x200109e4</run_address>
         <size>0x34</size>
         <alignment>0x2</alignment>
         <input_file_ref idref="fl-18"/>
      </object_component>
      <object_component id="oc-2b2">
         <name>.text.TimerCC32XX_freeTimerResource</name>
         <load_address>0x20010a18</load_address>
         <readonly>true</readonly>
         <executable>true</executable>
         <run_address>0x20010a18</run_address>
         <size>0x34</size>
         <alignment>0x4</alignment>
         <input_file_ref idref="fl-1b"/>
      </object_component>
      <object_component id="oc-280">
         <name>.text.UART2_rxDisable</name>
         <load_address>0x20010a4c</load_address>
         <readonly>true</readonly>
         <executable>true</executable>
         <run_address>0x20010a4c</run_address>
         <size>0x34</size>
         <alignment>0x2</alignment>
         <input_file_ref idref="fl-1c"/>
      </object_component>
      <object_component id="oc-f4">
         <name>.text.initUART</name>
         <load_address>0x20010a80</load_address>
         <readonly>true</readonly>
         <executable>true</executable>
         <run_address>0x20010a80</run_address>
         <size>0x34</size>
         <alignment>0x4</alignment>
         <input_file_ref idref="fl-1"/>
      </object_component>
      <object_component id="oc-4f">
         <name>.text.initVectors</name>
         <load_address>0x20010ab4</load_address>
         <readonly>true</readonly>
         <executable>true</executable>
         <run_address>0x20010ab4</run_address>
         <size>0x34</size>
         <alignment>0x4</alignment>
         <input_file_ref idref="fl-26"/>
      </object_component>
      <object_component id="oc-23a">
         <name>.text.ClockP_getTicksUntilInterrupt</name>
         <load_address>0x20010ae8</load_address>
         <readonly>true</readonly>
         <executable>true</executable>
         <run_address>0x20010ae8</run_address>
         <size>0x30</size>
         <alignment>0x4</alignment>
         <input_file_ref idref="fl-23"/>
      </object_component>
      <object_component id="oc-2a2">
         <name>.text.I2CFIFODataGetNonBlocking</name>
         <load_address>0x20010b18</load_address>
         <readonly>true</readonly>
         <executable>true</executable>
         <run_address>0x20010b18</run_address>
         <size>0x30</size>
         <alignment>0x2</alignment>
         <input_file_ref idref="fl-2b"/>
      </object_component>
      <object_component id="oc-247">
         <name>.text.PRCMLPDSIntervalSet</name>
         <load_address>0x20010b48</load_address>
         <readonly>true</readonly>
         <executable>true</executable>
         <run_address>0x20010b48</run_address>
         <size>0x30</size>
         <alignment>0x2</alignment>
         <input_file_ref idref="fl-2e"/>
      </object_component>
      <object_component id="oc-2ed">
         <name>.text.PRCMSlowClkCtrFastGet</name>
         <load_address>0x20010b78</load_address>
         <readonly>true</readonly>
         <executable>true</executable>
         <run_address>0x20010b78</run_address>
         <size>0x30</size>
         <alignment>0x2</alignment>
         <input_file_ref idref="fl-2e"/>
      </object_component>
      <object_component id="oc-2b9">
         <name>.text.TimerLoadSet</name>
[...]
      </symbol>
      <symbol id="sm-527">
         <name>PinLockLevelSet</name>
         <value>0x2000f4c9</value>
         <object_component_ref idref="oc-2f8"/>
      </symbol>
      <symbol id="sm-528">
         <name>PinModeGet</name>
         <value>0x200109b1</value>
         <object_component_ref idref="oc-123"/>
      </symbol>
      <symbol id="sm-529">
         <name>PinModeSet</name>
         <value>0x20010425</value>
         <object_component_ref idref="oc-128"/>
      </symbol>
      <symbol id="sm-52a">
         <name>PinToPadGet</name>
         <value>0x20011449</value>
         <object_component_ref idref="oc-288"/>
      </symbol>
      <symbol id="sm-52b">
         <name>PinTypeI2C</name>
         <value>0x200111a5</value>
         <object_component_ref idref="oc-200"/>
      </symbol>
      <symbol id="sm-52c">
         <name>PinTypeUART</name>
         <value>0x20011265</value>
         <object_component_ref idref="oc-25b"/>
      </symbol>
      <symbol id="sm-52d">
         <name>PinUnlock</name>
         <value>0x2001111f</value>
         <object_component_ref idref="oc-2ff"/>
      </symbol>
      <symbol id="sm-5df">
         <name>PRCMCC3200MCUInit</name>
         <value>0x2000c8ad</value>
         <object_component_ref idref="oc-d2"/>
      </symbol>
      <symbol id="sm-5e0">
         <name>PRCMHIBRegRead</name>
         <value>0x200113fb</value>
         <object_component_ref idref="oc-11f"/>
      </symbol>
      <symbol id="sm-5e1">
         <name>PRCMHIBRegWrite</name>
         <value>0x20011415</value>
         <object_component_ref idref="oc-11e"/>
      </symbol>
      <symbol id="sm-5e2">
         <name>PRCMHibernateWakeUpGPIOSelect</name>
         <value>0x2000f371</value>
         <object_component_ref idref="oc-1b5"/>
      </symbol>
      <symbol id="sm-5e3">
         <name>PRCMHibernateWakeupSourceDisable</name>
         <value>0x2000fa01</value>
         <object_component_ref idref="oc-1b7"/>
      </symbol>
      <symbol id="sm-5e4">
         <name>PRCMHibernateWakeupSourceEnable</name>
         <value>0x2000fd15</value>
         <object_component_ref idref="oc-1b6"/>
      </symbol>
      <symbol id="sm-5e5">
         <name>PRCMIntEnable</name>
         <value>0x20010011</value>
         <object_component_ref idref="oc-2fe"/>
      </symbol>
      <symbol id="sm-5e6">
         <name>PRCMLPDSEnter</name>
         <value>0x2000fbc5</value>
         <object_component_ref idref="oc-304"/>
      </symbol>
      <symbol id="sm-5e7">
         <name>PRCMLPDSEnterKeepDebugIf</name>
         <value>0x20010177</value>
         <object_component_ref idref="oc-303"/>
      </symbol>
      <symbol id="sm-5e8">
         <name>PRCMLPDSIntervalSet</name>
         <value>0x20010b49</value>
         <object_component_ref idref="oc-247"/>
      </symbol>
      <symbol id="sm-5e9">
         <name>PRCMLPDSRestoreInfoSet</name>
         <value>0x2000fe51</value>
         <object_component_ref idref="oc-36f"/>
      </symbol>
      <symbol id="sm-5ea">
         <name>PRCMLPDSWakeUpGPIOSelect</name>
         <value>0x20010dd1</value>
         <object_component_ref idref="oc-1b4"/>
      </symbol>
      <symbol id="sm-5eb">
         <name>PRCMLPDSWakeupCauseGet</name>
         <value>0x200119a5</value>
         <object_component_ref idref="oc-301"/>
      </symbol>
      <symbol id="sm-5ec">
         <name>PRCMLPDSWakeupSourceDisable</name>
         <value>0x2001142f</value>
         <object_component_ref idref="oc-1b3"/>
      </symbol>
      <symbol id="sm-5ed">
         <name>PRCMLPDSWakeupSourceEnable</name>
         <value>0x20011025</value>
         <object_component_ref idref="oc-1b2"/>
      </symbol>
      <symbol id="sm-5ee">
         <name>PRCMPeripheralClkDisable</name>
         <value>0x20010dfb</value>
         <object_component_ref idref="oc-122"/>
      </symbol>
      <symbol id="sm-5ef">
         <name>PRCMPeripheralClkEnable</name>
         <value>0x2000fab9</value>
         <object_component_ref idref="oc-120"/>
      </symbol>
      <symbol id="sm-5f0">
         <name>PRCMPeripheralReset</name>
         <value>0x2000f6e5</value>
         <object_component_ref idref="oc-121"/>
      </symbol>
      <symbol id="sm-5f1">
         <name>PRCMPeripheralStatusGet</name>
         <value>0x20010059</value>
         <object_component_ref idref="oc-22b"/>
      </symbol>
      <symbol id="sm-5f2">
         <name>PRCMSRAMRetentionEnable</name>
         <value>0x20010f17</value>
         <object_component_ref idref="oc-2f6"/>
      </symbol>
      <symbol id="sm-5f3">
         <name>PRCMSleepEnter</name>
         <value>0x20011a91</value>
         <object_component_ref idref="oc-24d"/>
      </symbol>
      <symbol id="sm-5f4">
         <name>PRCMSlowClkCtrFastGet</name>
         <value>0x20010b79</value>
         <object_component_ref idref="oc-2ed"/>
      </symbol>
      <symbol id="sm-5f5">
         <name>PRCMSysResetCauseGet</name>
         <value>0x2000f069</value>
         <object_component_ref idref="oc-119"/>
      </symbol>
      <symbol id="sm-613">
         <name>SysTickEnable</name>
         <value>0x20011767</value>
         <object_component_ref idref="oc-24b"/>
      </symbol>
      <symbol id="sm-614">
         <name>SysTickIntDisable</name>
         <value>0x20011779</value>
         <object_component_ref idref="oc-242"/>
      </symbol>
      <symbol id="sm-615">
         <name>SysTickIntEnable</name>
         <value>0x2001178b</value>
         <object_component_ref idref="oc-24c"/>
      </symbol>
      <symbol id="sm-616">
         <name>SysTickPeriodSet</name>
         <value>0x2001154d</value>
         <object_component_ref idref="oc-24a"/>
      </symbol>
      <symbol id="sm-655">
         <name>TimerControlStall</name>
         <value>0x20010467</value>
         <object_component_ref idref="oc-2ba"/>
      </symbol>
      <symbol id="sm-656">
         <name>TimerDisable</name>
         <value>0x20011245</value>
         <object_component_ref idref="oc-2b3"/>
      </symbol>
      <symbol id="sm-657">
         <name>TimerEnable</name>
         <value>0x20011463</value>
         <object_component_ref idref="oc-2c0"/>
      </symbol>
      <symbol id="sm-658">
         <name>TimerIntClear</name>
         <value>0x20011851</value>
         <object_component_ref idref="oc-2bd"/>
      </symbol>
      <symbol id="sm-659">
         <name>TimerIntDisable</name>
         <value>0x20011563</value>
         <object_component_ref idref="oc-37c"/>
      </symbol>
      <symbol id="sm-65a">
         <name>TimerIntEnable</name>
         <value>0x20011671</value>
         <object_component_ref idref="oc-2be"/>
      </symbol>
      <symbol id="sm-65b">
         <name>TimerLoadSet</name>
         <value>0x20010ba9</value>
         <object_component_ref idref="oc-2b9"/>
      </symbol>
      <symbol id="sm-65c">
         <name>TimerPrescaleSet</name>
         <value>0x20010bd9</value>
         <object_component_ref idref="oc-2b8"/>
      </symbol>
      <symbol id="sm-6c6">
         <name>UARTBusy</name>
         <value>0x20011881</value>
         <object_component_ref idref="oc-361"/>
      </symbol>
      <symbol id="sm-6c7">
         <name>UARTCharPutNonBlocking</name>
         <value>0x200108dd</value>
         <object_component_ref idref="oc-360"/>
      </symbol>
      <symbol id="sm-6c8">
         <name>UARTCharsAvail</name>
         <value>0x20011579</value>
         <object_component_ref idref="oc-290"/>
      </symbol>
      <symbol id="sm-6c9">
         <name>UARTConfigSetExpClk</name>
         <value>0x2000f3e5</value>
         <object_component_ref idref="oc-268"/>
      </symbol>
      <symbol id="sm-6ca">
         <name>UARTDMADisable</name>
         <value>0x2001158f</value>
         <object_component_ref idref="oc-27f"/>
      </symbol>
      <symbol id="sm-6cb">
         <name>UARTDMAEnable</name>
         <value>0x20011685</value>
         <object_component_ref idref="oc-320"/>
      </symbol>
      <symbol id="sm-6cc">
         <name>UARTDisable</name>
         <value>0x20010cf3</value>
         <object_component_ref idref="oc-281"/>
      </symbol>
      <symbol id="sm-6cd">
         <name>UARTEnable</name>
         <value>0x200112a1</value>
         <object_component_ref idref="oc-26e"/>
      </symbol>
      <symbol id="sm-6ce">
         <name>UARTFIFOLevelSet</name>
         <value>0x200115a5</value>
         <object_component_ref idref="oc-270"/>
      </symbol>
      <symbol id="sm-6cf">
         <name>UARTFlowControlSet</name>
         <value>0x2001147d</value>
         <object_component_ref idref="oc-271"/>
      </symbol>
      <symbol id="sm-6d0">
         <name>UARTIntClear</name>
         <value>0x20011891</value>
         <object_component_ref idref="oc-26d"/>
      </symbol>
      <symbol id="sm-6d1">
         <name>UARTIntDisable</name>
         <value>0x200115bb</value>
         <object_component_ref idref="oc-27e"/>
      </symbol>
      <symbol id="sm-6d2">
         <name>UARTIntEnable</name>
         <value>0x20011699</value>
         <object_component_ref idref="oc-26f"/>
      </symbol>
      <symbol id="sm-6d3">
         <name>UARTIntStatus</name>
         <value>0x20010e25</value>
         <object_component_ref idref="oc-28b"/>
      </symbol>
      <symbol id="sm-6d4">
         <name>UARTRxErrorGet</name>
         <value>0x200118a1</value>
         <object_component_ref idref="oc-28d"/>
      </symbol>
      <symbol id="sm-72d">
         <name>uDMAChannelAssign</name>
         <value>0x2000fdb5</value>
         <object_component_ref idref="oc-272"/>
      </symbol>
      <symbol id="sm-72e">
         <name>uDMAChannelAttributeDisable</name>
         <value>0x2000ef47</value>
         <object_component_ref idref="oc-273"/>
      </symbol>
      <symbol id="sm-72f">
         <name>uDMAChannelControlSet</name>
         <value>0x200105ed</value>
         <object_component_ref idref="oc-31d"/>
      </symbol>
      <symbol id="sm-730">
         <name>uDMAChannelDisable</name>
         <value>0x200112dd</value>
         <object_component_ref idref="oc-319"/>
      </symbol>
      <symbol id="sm-731">
         <name>uDMAChannelEnable</name>
         <value>0x200112fb</value>
         <object_component_ref idref="oc-31f"/>
      </symbol>
      <symbol id="sm-732">
         <name>uDMAChannelIsEnabled</name>
         <value>0x20011319</value>
         <object_component_ref idref="oc-28e"/>
      </symbol>
      <symbol id="sm-733">
         <name>uDMAChannelSizeGet</name>
         <value>0x2000ff7d</value>
         <object_component_ref idref="oc-31a"/>
      </symbol>
      <symbol id="sm-734">
         <name>uDMAChannelTransferSet</name>
         <value>0x2000e097</value>
         <object_component_ref idref="oc-31e"/>
      </symbol>
      <symbol id="sm-735">
         <name>uDMAControlBaseSet</name>
         <value>0x200116c1</value>
         <object_component_ref idref="oc-265"/>
      </symbol>
      <symbol id="sm-736">
         <name>uDMAEnable</name>
         <value>0x20011919</value>
         <object_component_ref idref="oc-260"/>
      </symbol>
      <symbol id="sm-737">
         <name>uDMAErrorStatusClear</name>
         <value>0x20011927</value>
         <object_component_ref idref="oc-390"/>
      </symbol>
      <symbol id="sm-738">
         <name>uDMAErrorStatusGet</name>
         <value>0x20011a1d</value>
         <object_component_ref idref="oc-38f"/>
      </symbol>
      <symbol id="sm-739">
         <name>uDMAIntClear</name>
         <value>0x200116d5</value>
         <object_component_ref idref="oc-31b"/>
      </symbol>
      <symbol id="sm-744">
         <name>UtilsDelay</name>
         <value>0x20011a99</value>
         <object_component_ref idref="oc-11a"/>
      </symbol>
      <symbol id="sm-771">
         <name>FlashDisable</name>
         <value>0x2000f949</value>
         <object_component_ref idref="oc-371"/>
      </symbol>
      <symbol id="sm-782">
         <name>snprintf</name>
         <value>0x200103e1</value>
         <object_component_ref idref="oc-f8"/>
      </symbol>
      <symbol id="sm-7a2">
         <name>malloc</name>
         <value>0x20011ab1</value>
         <object_component_ref idref="oc-22c"/>
      </symbol>
      <symbol id="sm-7a3">
         <name>aligned_alloc</name>
         <value>0x2000de5d</value>
         <object_component_ref idref="oc-2e7"/>
      </symbol>
      <symbol id="sm-7a4">
         <name>free</name>
         <value>0x2000e3a1</value>
         <object_component_ref idref="oc-1c4"/>
      </symbol>
      <symbol id="sm-7a5">
         <name>_sys_memory</name>
         <value>0x20004040</value>
         <object_component_ref idref="oc-31"/>
      </symbol>
      <symbol id="sm-7a6">
         <name>memalign</name>
         <value>0x2000de5d</value>
         <object_component_ref idref="oc-2e7"/>
      </symbol>
      <symbol id="sm-7b0">
         <name>__TI_zero_init</name>
         <value>0x200118d1</value>
         <object_component_ref idref="oc-49"/>
      </symbol>
      <symbol id="sm-7b9">
         <name>__TI_decompress_none</name>
         <value>0x20011943</value>
         <object_component_ref idref="oc-1c"/>
      </symbol>
      <symbol id="sm-7c3">
         <name>__TI_decompress_lzss</name>
         <value>0x2000f459</value>
         <object_component_ref idref="oc-18"/>
      </symbol>
      <symbol id="sm-7ce">
         <name>_c_int00_noargs</name>
         <value>0x200110d9</value>
         <object_component_ref idref="oc-76"/>
      </symbol>
      <symbol id="sm-7cf">
         <name>__stack</name>
         <value>0x20003000</value>
         <object_component_ref idref="oc-16"/>
      </symbol>
      <symbol id="sm-7f0">
         <name>__TI_printfi_nofloat</name>
         <value>0x2000c041</value>
         <object_component_ref idref="oc-227"/>
      </symbol>
      <symbol id="sm-7fd">
         <name>__aeabi_errno_addr</name>
         <value>0x20011aa1</value>
         <object_component_ref idref="oc-2d2"/>
      </symbol>
      <symbol id="sm-7fe">
         <name>__aeabi_errno</name>
         <value>0x20013370</value>
         <object_component_ref idref="oc-338"/>
      </symbol>
      <symbol id="sm-808">
         <name>abort</name>
         <value>0x20011afd</value>
         <object_component_ref idref="oc-b8"/>
      </symbol>
      <symbol id="sm-809">
         <name>C$$EXIT</name>
         <value>0x20011afc</value>
         <object_component_ref idref="oc-b8"/>
      </symbol>
      <symbol id="sm-812">
         <name>_nop</name>
         <value>0x2000fb13</value>
         <object_component_ref idref="oc-1a3"/>
      </symbol>
      <symbol id="sm-813">
         <name>_lock</name>
         <value>0x20013374</value>
         <object_component_ref idref="oc-10f"/>
      </symbol>
      <symbol id="sm-814">
         <name>_unlock</name>
         <value>0x20013378</value>
         <object_component_ref idref="oc-112"/>
      </symbol>
      <symbol id="sm-821">
         <name>atoi</name>
         <value>0x200105ad</value>
         <object_component_ref idref="oc-2ca"/>
      </symbol>
      <symbol id="sm-82b">
         <name>memccpy</name>
         <value>0x200112bf</value>
         <object_component_ref idref="oc-2c3"/>
      </symbol>
      <symbol id="sm-836">
         <name>__TI_auto_init_nobinit_nopinit</name>
         <value>0x20010839</value>
         <object_component_ref idref="oc-bf"/>
      </symbol>
      <symbol id="sm-83e">
         <name>_system_pre_init</name>
         <value>0x20011af9</value>
         <object_component_ref idref="oc-8b"/>
      </symbol>
      <symbol id="sm-848">
         <name>wcslen</name>
         <value>0x200118c1</value>
         <object_component_ref idref="oc-2ce"/>
      </symbol>
      <symbol id="sm-84e">
         <name>__aeabi_ctype_table_</name>
         <value>0x20012620</value>
         <object_component_ref idref="oc-331"/>
      </symbol>
      <symbol id="sm-84f">
         <name>__aeabi_ctype_table_C</name>
         <value>0x20012620</value>
         <object_component_ref idref="oc-331"/>
      </symbol>
      <symbol id="sm-867">
         <name>__aeabi_dmul</name>
         <value>0x2000e1a9</value>
         <object_component_ref idref="oc-187"/>
      </symbol>
      <symbol id="sm-868">
         <name>__muldf3</name>
         <value>0x2000e1a9</value>
         <object_component_ref idref="oc-187"/>
      </symbol>
      <symbol id="sm-86e">
         <name>__aeabi_d2iz</name>
         <value>0x200100e9</value>
         <object_component_ref idref="oc-18b"/>
      </symbol>
      <symbol id="sm-86f">
         <name>__fixdfsi</name>
         <value>0x200100e9</value>
         <object_component_ref idref="oc-18b"/>
      </symbol>
      <symbol id="sm-875">
         <name>__aeabi_i2d</name>
         <value>0x20010d21</value>
         <object_component_ref idref="oc-183"/>
      </symbol>
      <symbol id="sm-876">
         <name>__floatsidf</name>
         <value>0x20010d21</value>
         <object_component_ref idref="oc-183"/>
      </symbol>
      <symbol id="sm-87c">
         <name>__aeabi_memcpy</name>
         <value>0x20011af5</value>
         <object_component_ref idref="oc-3c"/>
      </symbol>
      <symbol id="sm-87d">
         <name>__aeabi_memcpy4</name>
         <value>0x20011af5</value>
         <object_component_ref idref="oc-3c"/>
      </symbol>
      <symbol id="sm-87e">
         <name>__aeabi_memcpy8</name>
         <value>0x20011af5</value>
         <object_component_ref idref="oc-3c"/>
      </symbol>
      <symbol id="sm-887">
         <name>__aeabi_memset</name>
         <value>0x20011a65</value>
         <object_component_ref idref="oc-2c2"/>
      </symbol>
      <symbol id="sm-888">
         <name>__aeabi_memset4</name>
         <value>0x20011a65</value>
         <object_component_ref idref="oc-2c2"/>
      </symbol>
      <symbol id="sm-889">
         <name>__aeabi_memset8</name>
         <value>0x20011a65</value>
         <object_component_ref idref="oc-2c2"/>
      </symbol>
      <symbol id="sm-88a">
         <name>__aeabi_memclr</name>
         <value>0x20011aa9</value>
         <object_component_ref idref="oc-67"/>
      </symbol>
      <symbol id="sm-88b">
         <name>__aeabi_memclr4</name>
         <value>0x20011aa9</value>
         <object_component_ref idref="oc-67"/>
      </symbol>
      <symbol id="sm-88c">
         <name>__aeabi_memclr8</name>
         <value>0x20011aa9</value>
         <object_component_ref idref="oc-67"/>
      </symbol>
      <symbol id="sm-892">
         <name>__aeabi_uldivmod</name>
         <value>0x200116ad</value>
         <object_component_ref idref="oc-23e"/>
      </symbol>
      <symbol id="sm-898">
         <name>__udivmoddi4</name>
         <value>0x2000ea39</value>
         <object_component_ref idref="oc-2ee"/>
      </symbol>
      <symbol id="sm-8a3">
         <name>__aeabi_ldiv0</name>
         <value>0x2000f887</value>
         <object_component_ref idref="oc-365"/>
      </symbol>
      <symbol id="sm-8ac">
         <name>TI_memcpy_small</name>
         <value>0x200117af</value>
         <object_component_ref idref="oc-81"/>
      </symbol>
      <symbol id="sm-8b4">
         <name>TI_memset_small</name>
         <value>0x20011935</value>
         <object_component_ref idref="oc-9e"/>
      </symbol>
      <symbol id="sm-8b5">
         <name>__TI_static_base__</name>
         <value>0x20011b00</value>
      </symbol>
      <symbol id="sm-8b8">
         <name>ITM_flush</name>
         <value>0x0</value>
      </symbol>
      <symbol id="sm-8b9">
         <name>ITM_restore</name>
         <value>0x0</value>
      </symbol>
      <symbol id="sm-8ba">
         <name>__mpu_init</name>
         <value>0x0</value>
      </symbol>
      <symbol id="sm-8bb">
         <name>_system_post_cinit</name>
         <value>0x0</value>
      </symbol>
   </symbol_table>
   <title>Link successful</title>
</link_info>
