******************************************************************************
            TI ARM Clang Linker PC v3.2.1                      
******************************************************************************
>> Linked Fri Apr 19 13:07:51 2024

OUTPUT FILE NAME:   <gpiointerrupt_CC3220S_LAUNCHXL_nortos_ticlang.out>
ENTRY POINT SYMBOL: "resetISR"  address: 200113c5


MEMORY CONFIGURATION

         name            origin    length      used     unused   attr    fill
----------------------  --------  ---------  --------  --------  ----  --------
  SRAM2                 20000000   00004000  0000130c  00002cf4  RW X
  SRAM                  20004000   0003c000  0000f369  0002cc97  RW X
  LOG_DATA              90000000   00040000  00000000  00040000  R   
  LOG_PTR               94000008   00040000  00000000  00040000  R   


SEGMENT ALLOCATION MAP

run origin  load origin   length   init length attrs members
----------  ----------- ---------- ----------- ----- -------
20003000    20003000    00001000   00000000    rw-
  20003000    20003000    00001000   00000000    rw- .stack
20004000    20004000    00000040   00000040    r--
  20004000    20004000    00000040   00000040    r-- .resetVecs
20004040    20004040    00008000   00000000    rw-
  20004040    20004040    00008000   00000000    rw- .sysmem
2000c040    2000c040    00005bb8   00005bb8    r-x
  2000c040    2000c040    00005ac0   00005ac0    r-x .text
  20011b00    20011b00    000000f8   000000f8    r-- .cinit
20011c00    20011c00    00000a13   00000000    rw-
  20011c00    20011c00    00000a13   00000000    rw- .bss
20012620    20012620    000006c5   000006c5    r--
  20012620    20012620    000006c5   000006c5    r-- .rodata
20012ce8    20012ce8    00000699   00000000    rw-
  20012ce8    20012ce8    00000699   00000000    rw- .data


SECTION ALLOCATION MAP

 output                                  attributes/
section   page    origin      length       input sections
--------  ----  ----------  ----------   ----------------
.text      0    2000c040    00005ac0     
                  2000c040    0000086c     libc.a : _printfi.c.obj (.text:__TI_printfi_nofloat)
                  2000c8ac    000004b8     driverlib.a : prcm.obj (.text.PRCMCC3200MCUInit)
                  2000cd64    000003e4     drivers_cc32xx.a : PowerCC32XX.c.obj (.text.Power_sleep)
                  2000d148    00000222                      : UART2CC32XX.c.obj (.text.UART2CC32XX_hwiIntFxn)
                  2000d36a    00000002     ti_drivers_config.o (.text.Board_initHook)
                  2000d36c    000001cc     drivers_cc32xx.a : UART2CC32XX.c.obj (.text.UART2_open)
                  2000d538    00000178     gpiointerrupt.o (.text.initI2C)
                  2000d6b0    00000174     drivers_cc32xx.a : UART2.c.obj (.text.UART2_writeTimeoutBlocking)
                  2000d824    00000150     nortos_cc32xx.a : PowerCC32XX_nortos.c.obj (.text.PowerCC32XX_sleepPolicy)
                  2000d974    00000148     drivers_cc32xx.a : TimerCC32XX.c.obj (.text.Timer_open)
                  2000dabc    00000140                      : GPIOCC32XX.c.obj (.text.GPIO_setConfig)
                  2000dbfc    00000138                      : I2CCC32XX.c.obj (.text.I2CCC32XX_hwiFxn)
                  2000dd34    00000126                      : I2C.c.obj (.text.I2C_transferTimeout)
                  2000de5a    00000002                      : I2C.c.obj (.text.I2C_init)
                  2000de5c    00000120     libc.a : memory.c.obj (.text.aligned_alloc)
                  2000df7c    0000011a     drivers_cc32xx.a : UART2.c.obj (.text.UART2_writeTimeoutNonblocking)
                  2000e096    00000112     driverlib.a : udma.obj (.text.uDMAChannelTransferSet)
                  2000e1a8    000000fc     libclang_rt.builtins.a : muldf3.S.obj (.text.__muldf3)
                  2000e2a4    000000fc     gpiointerrupt.o (.text.mainThread)
                  2000e3a0    000000f0     libc.a : memory.c.obj (.text.free)
                  2000e490    000000e8     drivers_cc32xx.a : I2CCC32XX.c.obj (.text.I2C_open)
                  2000e578    000000e8                      : UART2CC32XX.c.obj (.text.UART2_close)
                  2000e660    000000cc                      : UART2CC32XX.c.obj (.text.UART2Support_dmaStartRx)
                  2000e72c    000000c8     driverlib.a : interrupt.obj (.text.IntDisable)
                  2000e7f4    000000c8                 : interrupt.obj (.text.IntEnable)
                  2000e8bc    000000c4     drivers_cc32xx.a : UART2CC32XX.c.obj (.text.UART2CC32XX_initHw)
                  2000e980    000000b8                      : UART2CC32XX.c.obj (.text.UART2Support_dmaStartTx)
                  2000ea38    000000b0     libclang_rt.builtins.a : udivmoddi4.S.obj (.text)
                  2000eae8    000000ac     driverlib.a : gpio.obj (.text.GPIOIntTypeSet)
                  2000eb94    000000a4                 : interrupt.obj (.text.IntPendSet)
                  2000ec38    000000a2                 : pin.obj (.text.PinConfigSet)
                  2000ecda    0000009c     drivers_cc32xx.a : I2CCC32XX.c.obj (.text.I2CCC32XX_completeTransfer)
                  2000ed76    00000098     driverlib.a : i2c.obj (.text.I2CMasterInitExpClk)
                  2000ee0e    00000002     nortos_cc32xx.a : PowerCC32XX_nortos.c.obj (.text.PowerCC32XX_initPolicy)
                  2000ee10    00000098                     : SemaphoreP_nortos.c.obj (.text.SemaphoreP_pend)
                  2000eea8    00000008                     : HwiPCC32XX_nortos.c.obj (.text.HwiP_disable)
                  2000eeb0    00000096     drivers_cc32xx.a : PowerCC32XX_ticlang.asm.obj (.text)
                  2000ef46    00000092     driverlib.a : udma.obj (.text.uDMAChannelAttributeDisable)
                  2000efd8    00000090     drivers_cc32xx.a : GPIOCC32XX.c.obj (.text.GPIO_init)
                  2000f068    0000008e     driverlib.a : prcm.obj (.text.PRCMSysResetCauseGet)
                  2000f0f6    00000002     nortos_cc32xx.a : SemaphoreP_nortos.c.obj (.text.SemaphoreP_destruct)
                  2000f0f8    00000088     drivers_cc32xx.a : PowerCC32XX.c.obj (.text.PowerCC32XX_configureWakeup)
                  2000f180    00000088     gpiointerrupt.o (.text.readTemp)
                  2000f208    0000007a     drivers_cc32xx.a : I2CCC32XX.c.obj (.text.I2CCC32XX_primeReadBurst)
                  2000f282    00000002                      : Timer.c.obj (.text.Timer_init)
                  2000f284    00000078                      : PowerCC32XX.c.obj (.text.Power_init)
                  2000f2fc    00000074     nortos_cc32xx.a : HwiPCC32XX_nortos.c.obj (.text.HwiP_construct)
                  2000f370    00000074     driverlib.a : prcm.obj (.text.PRCMHibernateWakeUpGPIOSelect)
                  2000f3e4    00000074                 : uart.obj (.text.UARTConfigSetExpClk)
                  2000f458    00000070     libc.a : copy_decompress_lzss.c.obj (.text:decompress:lzss)
                  2000f4c8    0000006c     driverlib.a : pin.obj (.text.PinLockLevelSet)
                  2000f534    0000006c     drivers_cc32xx.a : PowerCC32XX.c.obj (.text.Power_setDependency)
                  2000f5a0    0000006c                      : UDMACC32XX.c.obj (.text.UDMACC32XX_open)
                  2000f60c    0000006c                      : GPIOCC32XX.c.obj (.text.powerNotifyFxn)
                  2000f678    0000006c     libc.a : memory.c.obj (.text.split)
                  2000f6e4    0000006a     driverlib.a : prcm.obj (.text.PRCMPeripheralReset)
                  2000f74e    00000002     drivers_cc32xx.a : UART2CC32XX.c.obj (.text.UART2CC32XX_eventCallback)
                  2000f750    00000068                      : I2CCC32XX.c.obj (.text.I2CCC32XX_initHw)
                  2000f7b8    00000068     driverlib.a : interrupt.obj (.text.IntPendClear)
                  2000f820    00000066     drivers_cc32xx.a : I2CCC32XX.c.obj (.text.I2CCC32XX_primeWriteBurst)
                  2000f886    00000002     libclang_rt.builtins.a : aeabi_div0.c.obj (.text.__aeabi_ldiv0)
                  2000f888    00000060     drivers_cc32xx.a : GPIOCC32XX.c.obj (.text.GPIO_write)
                  2000f8e8    00000060                      : UART2CC32XX.c.obj (.text.UART2Support_dmaStopTx)
                  2000f948    0000005c     driverlib.a : flash.obj (.text.FlashDisable)
                  2000f9a4    0000005c     drivers_cc32xx.a : I2CCC32XX.c.obj (.text.I2CSupport_primeTransfer)
                  2000fa00    0000005c     driverlib.a : prcm.obj (.text.PRCMHibernateWakeupSourceDisable)
                  2000fa5c    0000005c     drivers_cc32xx.a : TimerCC32XX.c.obj (.text.TimerCC32XX_allocateTimerResource)
                  2000fab8    0000005a     driverlib.a : prcm.obj (.text.PRCMPeripheralClkEnable)
                  2000fb12    00000002     libc.a : _lock.c.obj (.text._nop)
                  2000fb14    00000058     nortos_cc32xx.a : ClockPSysTick_nortos.c.obj (.text.ClockP_startup)
                  2000fb6c    00000058     driverlib.a : interrupt.obj (.text.IntPrioritySet)
                  2000fbc4    00000056                 : prcm.obj (.text.PRCMLPDSEnter)
                  2000fc1a    00000002     nortos_cc32xx.a : startup_cc32xx_ticlang.c.obj (.text.busFaultHandler)
                  2000fc1c    00000054     drivers_cc32xx.a : PowerCC32XX.c.obj (.text.PowerCC32XX_setParkState)
                  2000fc70    00000054                      : PowerCC32XX.c.obj (.text.Power_releaseDependency)
                  2000fcc4    00000050                      : GPIOCC32XX.c.obj (.text.GPIO_hwiIntFxn)
                  2000fd14    00000050     driverlib.a : prcm.obj (.text.PRCMHibernateWakeupSourceEnable)
                  2000fd64    00000050     nortos_cc32xx.a : SemaphoreP_nortos.c.obj (.text.SemaphoreP_construct)
                  2000fdb4    0000004e     driverlib.a : udma.obj (.text.uDMAChannelAssign)
                  2000fe02    00000002     nortos_cc32xx.a : SemaphoreP_nortos.c.obj (.text.clkFxn)
                  2000fe04    0000004c     drivers_cc32xx.a : GPIOCC32XX.c.obj (.text.GPIO_setInterruptConfig)
                  2000fe50    0000004c     driverlib.a : prcm.obj (.text.PRCMLPDSRestoreInfoSet)
                  2000fe9c    0000004c     drivers_cc32xx.a : TimerCC32XX.c.obj (.text.initHw)
                  2000fee8    0000004a                      : UART2CC32XX.c.obj (.text.UART2Support_dmaStopRx)
                  2000ff32    0000004a                      : TimerCC32XX.c.obj (.text.getPrescaler)
                  2000ff7c    0000004a     driverlib.a : udma.obj (.text.uDMAChannelSizeGet)
                  2000ffc6    00000002     nortos_cc32xx.a : startup_cc32xx_ticlang.c.obj (.text.defaultHandler)
                  2000ffc8    00000048                     : ClockPSysTick_nortos.c.obj (.text.ClockP_sysTickHandler)
                  20010010    00000048     driverlib.a : prcm.obj (.text.PRCMIntEnable)
                  20010058    00000048                 : prcm.obj (.text.PRCMPeripheralStatusGet)
                  200100a0    00000048                 : pin.obj (.text.PinConfigGet)
                  200100e8    00000048     libclang_rt.builtins.a : fixdfsi.S.obj (.text.__fixdfsi)
                  20010130    00000046     drivers_cc32xx.a : I2CCC32XX.c.obj (.text.I2CCC32XX_fillTransmitFifo)
                  20010176    00000046     driverlib.a : prcm.obj (.text.PRCMLPDSEnterKeepDebugIf)
                  200101bc    00000046     drivers_cc32xx.a : RingBuf.c.obj (.text.RingBuf_put)
                  20010202    00000044     driverlib.a : gpio.obj (.text.GPIODirModeSet)
                  20010246    00000002     nortos_cc32xx.a : startup_cc32xx_ticlang.c.obj (.text.faultISR)
                  20010248    00000044     drivers_cc32xx.a : GPIOCC32XX.c.obj (.text.GPIO_disableInt)
                  2001028c    00000044                      : GPIOCC32XX.c.obj (.text.GPIO_enableInt)
                  200102d0    00000044                      : PowerCC32XX.c.obj (.text.Power_releaseConstraint)
                  20010314    00000044                      : Timer.c.obj (.text.Timer_start)
                  20010358    00000044     nortos_cc32xx.a : ClockPSysTick_nortos.c.obj (.text.addToList)
                  2001039c    00000044     gpiointerrupt.o (.text.initTimer)
                  200103e0    00000044     libc.a : snprintf.c.obj (.text.snprintf)
                  20010424    00000042     driverlib.a : pin.obj (.text.PinModeSet)
                  20010466    00000042                 : timer.obj (.text.TimerControlStall)
                  200104a8    00000042     drivers_cc32xx.a : TimerCC32XX.c.obj (.text.Timer_close)
                  200104ea    00000042     nortos_cc32xx.a : PowerCC32XX_nortos.c.obj (.text.getCountsRTC)
                  2001052c    00000040                     : SemaphoreP_nortos.c.obj (.text.SemaphoreP_post)
                  2001056c    00000040     drivers_cc32xx.a : Timer.c.obj (.text.Timer_stop)
                  200105ac    00000040     libc.a : atoi.c.obj (.text.atoi)
                  200105ec    00000040     driverlib.a : udma.obj (.text.uDMAChannelControlSet)
                  2001062c    0000003e                 : pin.obj (.text.PinDirModeSet)
                  2001066a    00000002     nortos_cc32xx.a : startup_cc32xx_ticlang.c.obj (.text.nmiISR)
                  2001066c    0000003c                     : ClockPSysTick_nortos.c.obj (.text.ClockP_stop)
                  200106a8    0000003c     drivers_cc32xx.a : UDMACC32XX.c.obj (.text.UDMACC32XX_init)
                  200106e4    0000003a                      : TimerCC32XX.c.obj (.text.TimerSupport_timerEnable)
                  2001071e    00000002     --HOLE-- [fill = 0]
                  20010720    00000038     nortos_cc32xx.a : ClockPSysTick_nortos.c.obj (.text.ClockP_destruct)
                  20010758    00000038     drivers_cc32xx.a : PowerCC32XX.c.obj (.text.Power_setConstraint)
                  20010790    00000038                      : RingBuf.c.obj (.text.RingBuf_putAdvance)
                  200107c8    00000038     nortos_cc32xx.a : SwiP_nortos.c.obj (.text.SwiP_restore)
                  20010800    00000038     drivers_cc32xx.a : UDMACC32XX.c.obj (.text.UDMACC32XX_close)
                  20010838    00000038     libc.a : autoinit.c.obj (.text:__TI_auto_init_nobinit_nopinit)
                  20010870    00000036     driverlib.a : pin.obj (.text.PinLock)
                  200108a6    00000036     drivers_cc32xx.a : TimerCC32XX.c.obj (.text.TimerCC32XX_hwiIntFunction)
                  200108dc    00000036     driverlib.a : uart.obj (.text.UARTCharPutNonBlocking)
                  20010912    00000002     --HOLE-- [fill = 0]
                  20010914    00000034     nortos_cc32xx.a : ClockPSysTick_nortos.c.obj (.text.ClockP_start)
                  20010948    00000034     driverlib.a : i2c.obj (.text.I2CFIFODataPutNonBlocking)
                  2001097c    00000034                 : pin.obj (.text.PinDirModeGet)
                  200109b0    00000034                 : pin.obj (.text.PinModeGet)
                  200109e4    00000034     drivers_cc32xx.a : PowerCC32XX.c.obj (.text.PowerCC32XX_parkPin)
                  20010a18    00000034                      : TimerCC32XX.c.obj (.text.TimerCC32XX_freeTimerResource)
                  20010a4c    00000034                      : UART2.c.obj (.text.UART2_rxDisable)
                  20010a80    00000034     gpiointerrupt.o (.text.initUART)
                  20010ab4    00000034     nortos_cc32xx.a : startup_cc32xx_ticlang.c.obj (.text.initVectors)
                  20010ae8    00000030                     : ClockPSysTick_nortos.c.obj (.text.ClockP_getTicksUntilInterrupt)
                  20010b18    00000030     driverlib.a : i2c.obj (.text.I2CFIFODataGetNonBlocking)
                  20010b48    00000030                 : prcm.obj (.text.PRCMLPDSIntervalSet)
                  20010b78    00000030                 : prcm.obj (.text.PRCMSlowClkCtrFastGet)
                  20010ba8    00000030                 : timer.obj (.text.TimerLoadSet)
                  20010bd8    00000030                 : timer.obj (.text.TimerPrescaleSet)
                  20010c08    00000030     libc.a : snprintf.c.obj (.text._outs)
                  20010c38    00000030     drivers_cc32xx.a : PowerCC32XX.c.obj (.text.notify)
                  20010c68    0000002e     driverlib.a : gpio.obj (.text.GPIOIntStatus)
                  20010c96    0000002e     drivers_cc32xx.a : RingBuf.c.obj (.text.RingBuf_getConsume)
                  20010cc4    0000002e                      : RingBuf.c.obj (.text.RingBuf_putPointer)
                  20010cf2    0000002e     driverlib.a : uart.obj (.text.UARTDisable)
                  20010d20    0000002e     libclang_rt.builtins.a : floatsidf.S.obj (.text.__floatsidf)
                  20010d4e    0000002c     driverlib.a : i2c.obj (.text.I2CMasterIntStatusEx)
                  20010d7a    0000002c     drivers_cc32xx.a : UART2CC32XX.c.obj (.text.UART2CC32XX_getRxData)
                  20010da6    0000002a     nortos_cc32xx.a : HwiPCC32XX_nortos.c.obj (.text.HwiP_create)
                  20010dd0    0000002a     driverlib.a : prcm.obj (.text.PRCMLPDSWakeUpGPIOSelect)
                  20010dfa    0000002a                 : prcm.obj (.text.PRCMPeripheralClkDisable)
                  20010e24    0000002a                 : uart.obj (.text.UARTIntStatus)
                  20010e4e    00000028                 : i2c.obj (.text.I2CMasterBusBusy)
                  20010e76    00000028                 : i2c.obj (.text.I2CMasterSlaveAddrSet)
                  20010e9e    00000028                 : i2c.obj (.text.I2CTxFIFOConfigSet)
                  20010ec6    00000028     drivers_cc32xx.a : I2C.c.obj (.text.I2C_cancel)
                  20010eee    00000028                      : List.c.obj (.text.List_remove)
                  20010f16    00000028     driverlib.a : prcm.obj (.text.PRCMSRAMRetentionEnable)
                  20010f3e    00000002     --HOLE-- [fill = 0]
                  20010f40    00000028     drivers_cc32xx.a : PowerCC32XX.c.obj (.text.PowerCC32XX_getParkState)
                  20010f68    00000028                      : TimerCC32XX.c.obj (.text.TimerSupport_timerDisable)
                  20010f90    00000028     libc.a : memory.c.obj (.text.free_list_insert)
                  20010fb8    00000024     driverlib.a : i2c.obj (.text.I2CRxFIFOConfigSet)
                  20010fdc    00000024                 : interrupt.obj (.text.IntUnregister)
                  20011000    00000024     drivers_cc32xx.a : List.c.obj (.text.List_put)
                  20011024    00000024     driverlib.a : prcm.obj (.text.PRCMLPDSWakeupSourceEnable)
                  20011048    00000024     drivers_cc32xx.a : PowerCC32XX.c.obj (.text.PowerCC32XX_restoreParkState)
                  2001106c    00000024                      : PowerCC32XX.c.obj (.text.PowerCC32XX_restoreParkedPin)
                  20011090    00000024                      : PowerCC32XX.c.obj (.text.Power_registerNotify)
                  200110b4    00000024                      : UART2CC32XX.c.obj (.text.UART2Support_disableRx)
                  200110d8    00000024     libc.a : boot_cortex_m.c.obj (.text:_c_int00_noargs)
                  200110fc    00000022     driverlib.a : gpio.obj (.text.GPIOPinWrite)
                  2001111e    00000022                 : pin.obj (.text.PinUnlock)
                  20011140    00000022     drivers_cc32xx.a : RingBuf.c.obj (.text.RingBuf_getPointer)
                  20011162    00000022                      : UART2CC32XX.c.obj (.text.UART2Support_sendData)
                  20011184    00000020     driverlib.a : interrupt.obj (.text.IntRegister)
                  200111a4    00000020                 : pin.obj (.text.PinTypeI2C)
                  200111c4    00000020     drivers_cc32xx.a : PowerCC32XX.c.obj (.text.PowerCC32XX_reset)
                  200111e4    00000020                      : PowerCC32XX.c.obj (.text.Power_unregisterNotify)
                  20011204    00000020     nortos_cc32xx.a : SemaphoreP_nortos.c.obj (.text.SemaphoreP_constructBinary)
                  20011224    00000020                     : SemaphoreP_nortos.c.obj (.text.SemaphoreP_createBinary)
                  20011244    00000020     driverlib.a : timer.obj (.text.TimerDisable)
                  20011264    0000001e                 : pin.obj (.text.PinTypeUART)
                  20011282    0000001e     drivers_cc32xx.a : UART2.c.obj (.text.UART2_writeTimeout)
                  200112a0    0000001e     driverlib.a : uart.obj (.text.UARTEnable)
                  200112be    0000001e     libc.a : memccpy.c.obj (.text.memccpy)
                  200112dc    0000001e     driverlib.a : udma.obj (.text.uDMAChannelDisable)
                  200112fa    0000001e                 : udma.obj (.text.uDMAChannelEnable)
                  20011318    0000001e                 : udma.obj (.text.uDMAChannelIsEnabled)
                  20011336    00000002     --HOLE-- [fill = 0]
                  20011338    0000001c     drivers_cc32xx.a : GPIO.c.obj (.text.GPIO_setCallback)
                  20011354    0000001c     nortos_cc32xx.a : HwiPCC32XX_nortos.c.obj (.text.HwiP_dispatch)
                  20011370    0000001c                     : SwiP_nortos.c.obj (.text.SwiP_disable)
                  2001138c    0000001c     libc.a : memory.c.obj (.text.free_list_remove)
                  200113a8    0000001c     drivers_cc32xx.a : TimerCC32XX.c.obj (.text.getPowerMgrId)
                  200113c4    0000001c     nortos_cc32xx.a : startup_cc32xx_ticlang.c.obj (.text.resetISR)
                  200113e0    0000001a     driverlib.a : gpio.obj (.text.GPIOIntDisable)
                  200113fa    0000001a                 : prcm.obj (.text.PRCMHIBRegRead)
                  20011414    0000001a                 : prcm.obj (.text.PRCMHIBRegWrite)
                  2001142e    0000001a                 : prcm.obj (.text.PRCMLPDSWakeupSourceDisable)
                  20011448    0000001a                 : pin.obj (.text.PinToPadGet)
                  20011462    0000001a                 : timer.obj (.text.TimerEnable)
                  2001147c    0000001a                 : uart.obj (.text.UARTFlowControlSet)
                  20011496    00000018                 : gpio.obj (.text.GPIOIntEnable)
                  200114ae    00000018     nortos_cc32xx.a : SemaphoreP_nortos.c.obj (.text.SemaphoreP_create)
                  200114c6    00000018     libc.a : snprintf.c.obj (.text._outc)
                  200114de    00000016     ti_drivers_config.o (.text.Board_init)
                  200114f4    00000016     driverlib.a : i2c.obj (.text.I2CMasterBurstLengthSet)
                  2001150a    00000016                 : i2c.obj (.text.I2CMasterIntDisableEx)
                  20011520    00000016                 : i2c.obj (.text.I2CRxFIFOFlush)
                  20011536    00000016                 : i2c.obj (.text.I2CTxFIFOFlush)
                  2001154c    00000016                 : systick.obj (.text.SysTickPeriodSet)
                  20011562    00000016                 : timer.obj (.text.TimerIntDisable)
                  20011578    00000016                 : uart.obj (.text.UARTCharsAvail)
                  2001158e    00000016                 : uart.obj (.text.UARTDMADisable)
                  200115a4    00000016                 : uart.obj (.text.UARTFIFOLevelSet)
                  200115ba    00000016                 : uart.obj (.text.UARTIntDisable)
                  200115d0    00000014                 : cpu.obj (.text.CPUcpsid)
                  200115e4    00000014                 : cpu.obj (.text.CPUcpsie)
                  200115f8    00000014     nortos_cc32xx.a : HwiPCC32XX_nortos.c.obj (.text.HwiP_destruct)
                  2001160c    00000014     driverlib.a : i2c.obj (.text.I2CMasterIntEnableEx)
                  20011620    00000014                 : interrupt.obj (.text.IntVTableBaseSet)
                  20011634    00000014     drivers_cc32xx.a : PowerCC32XX.c.obj (.text.Power_disablePolicy)
                  20011648    00000014                      : PowerCC32XX.c.obj (.text.Power_getTransitionLatency)
                  2001165c    00000014                      : PowerCC32XX.c.obj (.text.Power_idleFunc)
                  20011670    00000014     driverlib.a : timer.obj (.text.TimerIntEnable)
                  20011684    00000014                 : uart.obj (.text.UARTDMAEnable)
                  20011698    00000014                 : uart.obj (.text.UARTIntEnable)
                  200116ac    00000014     libclang_rt.builtins.a : aeabi_uldivmod.S.obj (.text.__aeabi_uldivmod)
                  200116c0    00000014     driverlib.a : udma.obj (.text.uDMAControlBaseSet)
                  200116d4    00000014                 : udma.obj (.text.uDMAIntClear)
                  200116e8    00000012     nortos_cc32xx.a : ClockPSysTick_nortos.c.obj (.text.ClockP_add)
                  200116fa    00000012     driverlib.a : gpio.obj (.text.GPIOIntClear)
                  2001170c    00000012     nortos_cc32xx.a : HwiPCC32XX_nortos.c.obj (.text.HwiP_Params_init)
                  2001171e    00000012                     : HwiPCC32XX_nortos.c.obj (.text.HwiP_delete)
                  20011730    00000012     driverlib.a : i2c.obj (.text.I2CMasterDisable)
                  20011742    00000012                 : i2c.obj (.text.I2CMasterEnable)
                  20011754    00000012     drivers_cc32xx.a : I2C.c.obj (.text.I2C_transfer)
                  20011766    00000012     driverlib.a : systick.obj (.text.SysTickEnable)
                  20011778    00000012                 : systick.obj (.text.SysTickIntDisable)
                  2001178a    00000012                 : systick.obj (.text.SysTickIntEnable)
                  2001179c    00000012     drivers_cc32xx.a : UDMACC32XX.c.obj (.text.postNotifyFxn)
                  200117ae    00000012     libc.a : memcpy_t2.S.obj (.text:TI_memcpy_small)
                  200117c0    00000010     nortos_cc32xx.a : ClockPSysTick_nortos.c.obj (.text.ClockP_getCpuFreq)
                  200117d0    00000010                     : ClockPSysTick_nortos.c.obj (.text.ClockP_getSystemTicks)
                  200117e0    00000010                     : ClockPSysTick_nortos.c.obj (.text.ClockP_setTicks)
                  200117f0    00000010                     : HwiPCC32XX_nortos.c.obj (.text.HwiP_inISR)
                  20011800    00000010     driverlib.a : i2c.obj (.text.I2CMasterControl)
                  20011810    00000010                 : i2c.obj (.text.I2CMasterIntClearEx)
                  20011820    00000010                 : i2c.obj (.text.I2CMasterTimeoutSet)
                  20011830    00000010     drivers_cc32xx.a : PowerCC32XX.c.obj (.text.Power_enablePolicy)
                  20011840    00000010                      : RingBuf.c.obj (.text.RingBuf_construct)
                  20011850    00000010     driverlib.a : timer.obj (.text.TimerIntClear)
                  20011860    00000010     drivers_cc32xx.a : Timer.c.obj (.text.Timer_Params_init)
                  20011870    00000010                      : UART2CC32XX.c.obj (.text.UART2Support_txDone)
                  20011880    00000010     driverlib.a : uart.obj (.text.UARTBusy)
                  20011890    00000010                 : uart.obj (.text.UARTIntClear)
                  200118a0    00000010                 : uart.obj (.text.UARTRxErrorGet)
                  200118b0    00000010     main_nortos.o (.text.main)
                  200118c0    00000010     libc.a : wcslen.c.obj (.text.wcslen)
                  200118d0    00000010            : copy_zero_init.c.obj (.text:decompress:ZI)
                  200118e0    0000000e     nortos_cc32xx.a : HwiPCC32XX_nortos.c.obj (.text.HwiP_interruptsEnabled)
                  200118ee    0000000e     driverlib.a : i2c.obj (.text.I2CFIFOStatus)
                  200118fc    0000000e     drivers_cc32xx.a : UART2.c.obj (.text.UART2_write)
                  2001190a    0000000e     libc.a : _printfi.c.obj (.text.strlen)
                  20011918    0000000e     driverlib.a : udma.obj (.text.uDMAEnable)
                  20011926    0000000e                 : udma.obj (.text.uDMAErrorStatusClear)
                  20011934    0000000e     libc.a : memset_t2.S.obj (.text:TI_memset_small)
                  20011942    0000000e            : copy_decompress_none.c.obj (.text:decompress:none)
                  20011950    0000000c     driverlib.a : cpu.obj (.text.CPUwfi)
                  2001195c    0000000c     drivers_cc32xx.a : I2CCC32XX.c.obj (.text.I2CCC32XX_postNotify)
                  20011968    0000000c                      : I2C.c.obj (.text.I2C_Params_init)
                  20011974    0000000c                      : I2CCC32XX.c.obj (.text.OUTLINED_FUNCTION_0)
                  20011980    0000000c                      : UART2CC32XX.c.obj (.text.OUTLINED_FUNCTION_0)
                  2001198c    0000000c     gpiointerrupt.o (.text.OUTLINED_FUNCTION_0)
                  20011998    0000000c     gpiointerrupt.o (.text.OUTLINED_FUNCTION_1)
                  200119a4    0000000c     driverlib.a : prcm.obj (.text.PRCMLPDSWakeupCauseGet)
                  200119b0    0000000c     drivers_cc32xx.a : PowerCC32XX.c.obj (.text.Power_getConstraintMask)
                  200119bc    0000000c                      : UART2CC32XX.c.obj (.text.UART2CC32XX_postNotifyFxn)
                  200119c8    0000000c                      : UART2CC32XX.c.obj (.text.UART2Support_disableTx)
                  200119d4    0000000c                      : UART2CC32XX.c.obj (.text.UART2Support_enableTx)
                  200119e0    0000000c                      : UART2.c.obj (.text.UART2_Params_init)
                  200119ec    0000000c     gpiointerrupt.o (.text.gpioButtonFxn0)
                  200119f8    0000000c     gpiointerrupt.o (.text.gpioButtonFxn1)
                  20011a04    0000000c     drivers_cc32xx.a : TimerCC32XX.c.obj (.text.postNotifyFxn)
                  20011a10    0000000c     gpiointerrupt.o (.text.timerCallback)
                  20011a1c    0000000c     driverlib.a : udma.obj (.text.uDMAErrorStatusGet)
                  20011a28    0000000a                 : cpu.obj (.text.CPUprimask)
                  20011a32    0000000a     nortos_cc32xx.a : ClockPSysTick_nortos.c.obj (.text.ClockP_isActive)
                  20011a3c    0000000a     driverlib.a : interrupt.obj (.text.IntMasterDisable)
                  20011a46    0000000a                 : interrupt.obj (.text.IntMasterEnable)
                  20011a50    0000000a     drivers_cc32xx.a : UART2CC32XX.c.obj (.text.OUTLINED_FUNCTION_1)
                  20011a5a    0000000a                      : UART2CC32XX.c.obj (.text.OUTLINED_FUNCTION_2)
                  20011a64    0000000a     libclang_rt.builtins.a : aeabi_memset.S.obj (.text.__aeabi_memset)
                  20011a6e    0000000a     ti_drivers_config.o (.text.dmaErrorFxn)
                  20011a78    00000008     nortos_cc32xx.a : HwiPCC32XX_nortos.c.obj (.text.HwiP_restore)
                  20011a80    00000008     drivers_cc32xx.a : I2CCC32XX.c.obj (.text.I2CCC32XX_blockingCallback)
                  20011a88    00000008                      : I2CCC32XX.c.obj (.text.I2CSupport_controllerFinish)
                  20011a90    00000008     driverlib.a : prcm.obj (.text.PRCMSleepEnter)
                  20011a98    00000008                 : utils.obj (.text.UtilsDelay)
                  20011aa0    00000008     libc.a : aeabi_portable.c.obj (.text.__aeabi_errno_addr)
                  20011aa8    00000008     libclang_rt.builtins.a : aeabi_memset.S.obj (.text.__aeabi_memclr)
                  20011ab0    00000008     libc.a : memory.c.obj (.text.malloc)
                  20011ab8    00000006     drivers_cc32xx.a : I2CCC32XX.c.obj (.text.I2CSupport_powerRelConstraint)
                  20011abe    00000006                      : I2CCC32XX.c.obj (.text.I2CSupport_powerSetConstraint)
                  20011ac4    00000006                      : UART2CC32XX.c.obj (.text.UART2Support_powerRelConstraint)
                  20011aca    00000004     nortos_cc32xx.a : ClockPSysTick_nortos.c.obj (.text.ClockP_doTick)
                  20011ace    00000004                     : HwiPCC32XX_nortos.c.obj (.text.HwiP_clearInterrupt)
                  20011ad2    00000004                     : HwiPCC32XX_nortos.c.obj (.text.HwiP_disableInterrupt)
                  20011ad6    00000004                     : HwiPCC32XX_nortos.c.obj (.text.HwiP_enable)
                  20011ada    00000004                     : HwiPCC32XX_nortos.c.obj (.text.HwiP_enableInterrupt)
                  20011ade    00000004                     : HwiPCC32XX_nortos.c.obj (.text.HwiP_post)
                  20011ae2    00000004     driverlib.a : interrupt.obj (.text.IntDefaultHandler)
                  20011ae6    00000004     nortos_cc32xx.a : NoRTOS.c.obj (.text.NoRTOS_start)
                  20011aea    00000004     drivers_cc32xx.a : RingBuf.c.obj (.text.RingBuf_getCount)
                  20011aee    00000004     nortos_cc32xx.a : SemaphoreP_nortos.c.obj (.text.SemaphoreP_delete)
                  20011af2    00000002     --HOLE-- [fill = 0]
                  20011af4    00000004     libclang_rt.builtins.a : aeabi_memcpy.S.obj (.text.__aeabi_memcpy)
                  20011af8    00000004     libc.a : pre_init.c.obj (.text._system_pre_init)
                  20011afc    00000004            : exit.c.obj (.text:abort)

.ramVecs   0    20000000    0000030c     NOLOAD SECTION
                  20000000    0000030c     nortos_cc32xx.a : startup_cc32xx_ticlang.c.obj (.ramVecs)

.stack     0    20003000    00001000     UNINITIALIZED
                  20003000    00000004     libc.a : boot_cortex_m.c.obj (.stack)
                  20003004    00000ffc     --HOLE--

.resetVecs 
*          0    20004000    00000040     
                  20004000    00000040     nortos_cc32xx.a : startup_cc32xx_ticlang.c.obj (.resetVecs)

.sysmem    0    20004040    00008000     UNINITIALIZED
                  20004040    00000010     libc.a : memory.c.obj (.sysmem)
                  20004050    00007ff0     --HOLE--

.cinit     0    20011b00    000000f8     
                  20011b00    000000d2     (.cinit..data.load) [load image, compression = lzss]
                  20011bd2    00000002     --HOLE-- [fill = 0]
                  20011bd4    0000000c     (__TI_handler_table)
                  20011be0    00000008     (.cinit..bss.load) [load image, compression = zero_init]
                  20011be8    00000010     (__TI_cinit_table)

.rodata    0    20012620    000006c5     
                  20012620    00000101     libc.a : aeabi_ctype.S.obj (.rodata:__aeabi_ctype_table_)
                  20012721    00000002     drivers_cc32xx.a : UART2CC32XX.c.obj (.rodata.stopBits)
                  20012723    00000001     ti_drivers_config.o (.rodata.GPIO_pinUpperBound)
                  20012724    00000100     driverlib.a : pin.obj (.rodata.g_ulPinToPadMap)
                  20012824    000000d4                 : interrupt.obj (.rodata.g_pulRegs)
                  200128f8    000000a8                 : prcm.obj (.rodata.PRCM_PeriphRegsList)
                  200129a0    00000048     gpiointerrupt.o (.rodata.str1.117259490511853709771)
                  200129e8    00000044     ti_drivers_config.o (.rodata.PowerCC32XX_config)
                  20012a2c    00000038     ti_drivers_config.o (.rodata.uart2CC32XXHWAttrs0)
                  20012a64    00000031     gpiointerrupt.o (.rodata.str1.59672170090002130734)
                  20012a95    00000001     ti_drivers_config.o (.rodata.I2C_count)
                  20012a96    00000001     ti_drivers_config.o (.rodata.Timer_count)
                  20012a97    00000001     ti_drivers_config.o (.rodata.UART2_count)
                  20012a98    00000028     drivers_cc32xx.a : GPIOCC32XX.c.obj (.rodata.portConfigs)
                  20012ac0    00000028     gpiointerrupt.o (.rodata.str1.2552335557485402981)
                  20012ae8    00000024     drivers_cc32xx.a : UART2.c.obj (.rodata.UART2_defaultParams)
                  20012b0c    00000021                      : GPIOCC32XX.c.obj (.rodata.pinTable)
                  20012b2d    00000021     gpiointerrupt.o (.rodata.str1.172639838942318644741)
                  20012b4e    00000002     --HOLE-- [fill = 0]
                  20012b50    0000001b     gpiointerrupt.o (.rodata.str1.119337933097536889414)
                  20012b6b    00000001     --HOLE-- [fill = 0]
                  20012b6c    00000018     driverlib.a : interrupt.obj (.rodata.g_pulDisRegs)
                  20012b84    00000018                 : interrupt.obj (.rodata.g_pulEnRegs)
                  20012b9c    00000018                 : interrupt.obj (.rodata.g_pulPendRegs)
                  20012bb4    00000018                 : interrupt.obj (.rodata.g_pulUnpendRegs)
                  20012bcc    00000018     gpiointerrupt.o (.rodata.sensors)
                  20012be4    00000016     gpiointerrupt.o (.rodata.str1.88141095010518599421)
                  20012bfa    00000002     --HOLE-- [fill = 0]
                  20012bfc    00000014     ti_drivers_config.o (.rodata.i2cCC32XXHWAttrs)
                  20012c10    00000011     libc.a : _printfi.c.obj (.rodata.str1.11645776875810915891)
                  20012c21    00000011            : _printfi.c.obj (.rodata.str1.44690500295887128011)
                  20012c32    00000002     --HOLE-- [fill = 0]
                  20012c34    00000010     ti_drivers_config.o (.rodata.GPIO_config)
                  20012c44    00000010     drivers_cc32xx.a : I2CCC32XX.c.obj (.rodata.cst16)
                  20012c54    00000010     ti_drivers_config.o (.rodata.timerCC32XXHWAttrs)
                  20012c64    0000000d     gpiointerrupt.o (.rodata.str1.8099049698717124711)
                  20012c71    00000003     --HOLE-- [fill = 0]
                  20012c74    0000000c     drivers_cc32xx.a : Timer.c.obj (.rodata.defaultParams)
                  20012c80    0000000c                      : TimerCC32XX.c.obj (.rodata.defaultParams)
                  20012c8c    0000000c     ti_drivers_config.o (.rodata.udmaCC3220SHWAttrs)
                  20012c98    00000009     gpiointerrupt.o (.rodata.str1.149745159178111864794)
                  20012ca1    00000003     --HOLE-- [fill = 0]
                  20012ca4    00000009     gpiointerrupt.o (.rodata.str1.27667157146944505614)
                  20012cad    00000003     --HOLE-- [fill = 0]
                  20012cb0    00000008     ti_drivers_config.o (.rodata.I2C_config)
                  20012cb8    00000008     ti_drivers_config.o (.rodata.Timer_config)
                  20012cc0    00000008     ti_drivers_config.o (.rodata.UART2_config)
                  20012cc8    00000008     ti_drivers_config.o (.rodata.UDMACC32XX_config)
                  20012cd0    00000005     drivers_cc32xx.a : UART2CC32XX.c.obj (.rodata.parityType)
                  20012cd5    00000004                      : UART2CC32XX.c.obj (.rodata.cst4)
                  20012cd9    00000004     gpiointerrupt.o (.rodata.str1.48557138690711581961)
                  20012cdd    00000004     gpiointerrupt.o (.rodata.str1.75752999448730089091)
                  20012ce1    00000004     gpiointerrupt.o (.rodata.str1.99899187528894583921)

.init_array 
*          0    20004000    00000000     UNINITIALIZED

.bss       0    20011c00    00000a13     UNINITIALIZED
                  20011c00    00000400     ti_drivers_config.o (.bss.dmaControlTable)
                  20012000    00000178     (.common:uart2CC32XXObjects0)
                  20012178    0000012c     (.common:PowerCC32XX_contextSave)
                  200122a4    000000fc     (.common:i2cCC32XXObjects)
                  200123a0    00000084     (.common:gpioCallbackFunctions)
                  20012424    00000084     (.common:gpioUserArgs)
                  200124a8    00000084     (.common:timerCC32XXObjects)
                  2001252c    00000040     (.common:output)
                  2001256c    00000020     ti_drivers_config.o (.bss.uart2RxRingBuffer0)
                  2001258c    00000020     ti_drivers_config.o (.bss.uart2TxRingBuffer0)
                  200125ac    00000020     (.common:i2cTransaction)
                  200125cc    00000014     drivers_cc32xx.a : UDMACC32XX.c.obj (.bss.postNotifyObj)
                  200125e0    00000010     (.common:ClockP_ctrl)
                  200125f0    00000008     (.common:udmaCC3220SObject)
                  200125f8    00000004     nortos_cc32xx.a : ClockPSysTick_nortos.c.obj (.bss.sysTickPeriod)
                  200125fc    00000004     libc.a : memory.c.obj (.bss.sys_free)
                  20012600    00000004     drivers_cc32xx.a : TimerCC32XX.c.obj (.bss.timerState.0)
                  20012604    00000004     (.common:i2c)
                  20012608    00000004     (.common:timer0)
                  2001260c    00000004     (.common:uart)
                  20012610    00000002     (.common:rxBuffer)
                  20012612    00000001     (.common:txBuffer)

.data      0    20012ce8    00000699     UNINITIALIZED
                  20012ce8    0000030c     nortos_cc32xx.a : HwiPCC32XX_nortos.c.obj (.data.HwiP_dispatchTable)
                  20012ff4    0000016c     drivers_cc32xx.a : PowerCC32XX.c.obj (.data.PowerCC32XX_module)
                  20013160    000000f8     ti_drivers_config.o (.data.parkInfo)
                  20013258    00000084     ti_drivers_config.o (.data.gpioPinConfigs)
                  200132dc    0000004c     nortos_cc32xx.a : SwiP_nortos.c.obj (.data..L_MergedGlobals)
                  20013328    00000018     drivers_cc32xx.a : GPIOCC32XX.c.obj (.data..L_MergedGlobals)
                  20013340    00000010     nortos_cc32xx.a : SemaphoreP_nortos.c.obj (.data..L_MergedGlobals)
                  20013350    0000000c     gpiointerrupt.o (.data..L_MergedGlobals)
                  2001335c    00000008     drivers_cc32xx.a : UDMACC32XX.c.obj (.data..L_MergedGlobals)
                  20013364    00000008     nortos_cc32xx.a : ClockPSysTick_nortos.c.obj (.data..L_MergedGlobals)
                  2001336c    00000004                     : HwiPCC32XX_nortos.c.obj (.data.HwiP_swiPIntNum)
                  20013370    00000004     libc.a : aeabi_portable.c.obj (.data.__aeabi_errno)
                  20013374    00000004            : _lock.c.obj (.data._lock)
                  20013378    00000004            : _lock.c.obj (.data._unlock)
                  2001337c    00000001     drivers_cc32xx.a : GPIOCC32XX.c.obj (.data.initCalled)
                  2001337d    00000001                      : GPIOCC32XX.c.obj (.data.portHwiCreatedBitMask)
                  2001337e    00000002     --HOLE--
                  20013380    00000001     libc.a : memory.c.obj (.data.memory_is_initialized)

.log_data 
*          0    90000000    00000000     COPY SECTION

.log_ptr   0    94000008    00000000     COPY SECTION

__llvm_prf_cnts 
*          0    20004000    00000000     UNINITIALIZED

__llvm_prf_bits 
*          0    20004000    00000000     UNINITIALIZED

MODULE SUMMARY

       Module                         code    ro data   rw data
       ------                         ----    -------   -------
    .\
       gpiointerrupt.o                944     310       123    
       main_nortos.o                  16      0         0      
    +--+------------------------------+-------+---------+---------+
       Total:                         960     310       123    
                                                               
    .\syscfg\
       ti_drivers_config.o            34      224       2500   
    +--+------------------------------+-------+---------+---------+
       Total:                         34      224       2500   
                                                               
    C:/ti/simplelink_cc32xx_sdk_7_10_00_13/kernel/nortos/lib/ticlang/m4/nortos_cc32xx.a
       HwiPCC32XX_nortos.c.obj        308     0         784    
       startup_cc32xx_ticlang.c.obj   88      64        780    
       ClockPSysTick_nortos.c.obj     524     0         28     
       SemaphoreP_nortos.c.obj        392     0         16     
       PowerCC32XX_nortos.c.obj       404     0         0      
       SwiP_nortos.c.obj              84      0         76     
       NoRTOS.c.obj                   4       0         0      
    +--+------------------------------+-------+---------+---------+
       Total:                         1804    64        1684   
                                                               
    C:/ti/simplelink_cc32xx_sdk_7_10_00_13/source/ti/devices/cc32xx/driverlib/ticlang/Release/driverlib.a
       prcm.obj                       2564    168       0      
       interrupt.obj                  868     308       0      
       pin.obj                        750     256       0      
       udma.obj                       806     0         0      
       i2c.obj                        658     0         0      
       uart.obj                       490     0         0      
       gpio.obj                       388     0         0      
       timer.obj                      278     0         0      
       flash.obj                      92      0         0      
       systick.obj                    76      0         0      
       cpu.obj                        62      0         0      
       utils.obj                      8       0         0      
    +--+------------------------------+-------+---------+---------+
       Total:                         7040    732       0      
                                                               
    C:/ti/simplelink_cc32xx_sdk_7_10_00_13/source/ti/drivers/lib/ticlang/m4/drivers_cc32xx.a
       PowerCC32XX.c.obj              2052    0         664    
       UART2CC32XX.c.obj              2198    11        0      
       I2CCC32XX.c.obj                1242    16        0      
       GPIOCC32XX.c.obj               960     73        26     
       TimerCC32XX.c.obj              880     12        4      
       UART2.c.obj                    762     36        0      
       I2C.c.obj                      366     0         0      
       RingBuf.c.obj                  272     0         0      
       UDMACC32XX.c.obj               242     0         28     
       Timer.c.obj                    150     12        0      
       PowerCC32XX_ticlang.asm.obj    150     0         0      
       List.c.obj                     76      0         0      
       GPIO.c.obj                     28      0         0      
    +--+------------------------------+-------+---------+---------+
       Total:                         9378    160       722    
                                                               
    C:\ti\ccs1260\ccs\tools\compiler\ti-cgt-armllvm_3.2.1.LTS\lib\armv7em-ti-none-eabi/c/libc.a
       _printfi.c.obj                 2170    34        0      
       memory.c.obj                   712     0         5      
       aeabi_ctype.S.obj              0       257       0      
       snprintf.c.obj                 140     0         0      
       copy_decompress_lzss.c.obj     112     0         0      
       atoi.c.obj                     64      0         0      
       autoinit.c.obj                 56      0         0      
       boot_cortex_m.c.obj            36      0         0      
       memccpy.c.obj                  30      0         0      
       memcpy_t2.S.obj                18      0         0      
       copy_zero_init.c.obj           16      0         0      
       wcslen.c.obj                   16      0         0      
       copy_decompress_none.c.obj     14      0         0      
       memset_t2.S.obj                14      0         0      
       aeabi_portable.c.obj           8       0         4      
       _lock.c.obj                    2       0         8      
       exit.c.obj                     4       0         0      
       pre_init.c.obj                 4       0         0      
    +--+------------------------------+-------+---------+---------+
       Total:                         3416    291       17     
                                                               
    C:\ti\ccs1260\ccs\tools\compiler\ti-cgt-armllvm_3.2.1.LTS\lib\clang/15.0.7/lib/armv7em-ti-none-eabi/libclang_rt.builtins.a
       muldf3.S.obj                   252     0         0      
       udivmoddi4.S.obj               176     0         0      
       fixdfsi.S.obj                  72      0         0      
       floatsidf.S.obj                46      0         0      
       aeabi_uldivmod.S.obj           20      0         0      
       aeabi_memset.S.obj             18      0         0      
       aeabi_memcpy.S.obj             4       0         0      
       aeabi_div0.c.obj               2       0         0      
    +--+------------------------------+-------+---------+---------+
       Total:                         590     0         0      
                                                               
       Heap:                          0       0         32768  
       Stack:                         0       0         4096   
       Linker Generated:              0       246       0      
    +--+------------------------------+-------+---------+---------+
       Grand Total:                   23222   2027      41910  


LINKER GENERATED COPY TABLES

__TI_cinit_table @ 20011be8 records: 2, size/record: 8, table size: 16
	.data: load addr=20011b00, load size=000000d2 bytes, run addr=20012ce8, run size=00000699 bytes, compression=lzss
	.bss: load addr=20011be0, load size=00000008 bytes, run addr=20011c00, run size=00000a13 bytes, compression=zero_init


LINKER GENERATED HANDLER TABLE

__TI_handler_table @ 20011bd4 records: 3, size/record: 4, table size: 12
	index: 0, handler: __TI_decompress_lzss
	index: 1, handler: __TI_decompress_none
	index: 2, handler: __TI_zero_init


GLOBAL SYMBOLS: SORTED ALPHABETICALLY BY Name 

address   name                             
-------   ----                             
200114df  Board_init                       
2000d36b  Board_initHook                   
20011afc  C$$EXIT                          
200115d1  CPUcpsid                         
200115e5  CPUcpsie                         
20011a29  CPUprimask                       
20011951  CPUwfi                           
200116e9  ClockP_add                       
200125e0  ClockP_ctrl                      
20010721  ClockP_destruct                  
20011acb  ClockP_doTick                    
200117c1  ClockP_getCpuFreq                
200117d1  ClockP_getSystemTicks            
20010ae9  ClockP_getTicksUntilInterrupt    
20011a33  ClockP_isActive                  
200117e1  ClockP_setTicks                  
20010915  ClockP_start                     
2000fb15  ClockP_startup                   
2001066d  ClockP_stop                      
2000ffc9  ClockP_sysTickHandler            
20013368  ClockP_tickPeriod                
2000f949  FlashDisable                     
20010203  GPIODirModeSet                   
200116fb  GPIOIntClear                     
200113e1  GPIOIntDisable                   
20011497  GPIOIntEnable                    
20010c69  GPIOIntStatus                    
2000eae9  GPIOIntTypeSet                   
200110fd  GPIOPinWrite                     
20012c34  GPIO_config                      
20010249  GPIO_disableInt                  
2001028d  GPIO_enableInt                   
2000fcc5  GPIO_hwiIntFxn                   
2000efd9  GPIO_init                        
20012723  GPIO_pinUpperBound               
20011339  GPIO_setCallback                 
2000dabd  GPIO_setConfig                   
2000fe05  GPIO_setInterruptConfig          
2000f889  GPIO_write                       
2001170d  HwiP_Params_init                 
20011acf  HwiP_clearInterrupt              
2000f2fd  HwiP_construct                   
20010da7  HwiP_create                      
2001171f  HwiP_delete                      
200115f9  HwiP_destruct                    
2000eea9  HwiP_disable                     
20011ad3  HwiP_disableInterrupt            
20011355  HwiP_dispatch                    
20011ad7  HwiP_enable                      
20011adb  HwiP_enableInterrupt             
200117f1  HwiP_inISR                       
200118e1  HwiP_interruptsEnabled           
20011adf  HwiP_post                        
20011a79  HwiP_restore                     
2001336c  HwiP_swiPIntNum                  
20010b19  I2CFIFODataGetNonBlocking        
20010949  I2CFIFODataPutNonBlocking        
200118ef  I2CFIFOStatus                    
200114f5  I2CMasterBurstLengthSet          
20010e4f  I2CMasterBusBusy                 
20011801  I2CMasterControl                 
20011731  I2CMasterDisable                 
20011743  I2CMasterEnable                  
2000ed77  I2CMasterInitExpClk              
20011811  I2CMasterIntClearEx              
2001150b  I2CMasterIntDisableEx            
2001160d  I2CMasterIntEnableEx             
20010d4f  I2CMasterIntStatusEx             
20010e77  I2CMasterSlaveAddrSet            
20011821  I2CMasterTimeoutSet              
20010fb9  I2CRxFIFOConfigSet               
20011521  I2CRxFIFOFlush                   
20011a89  I2CSupport_controllerFinish      
20011ab9  I2CSupport_powerRelConstraint    
20011abf  I2CSupport_powerSetConstraint    
2000f9a5  I2CSupport_primeTransfer         
20010e9f  I2CTxFIFOConfigSet               
20011537  I2CTxFIFOFlush                   
20011969  I2C_Params_init                  
20010ec7  I2C_cancel                       
20012cb0  I2C_config                       
20012a95  I2C_count                        
2000de5b  I2C_init                         
2000e491  I2C_open                         
20011755  I2C_transfer                     
2000dd35  I2C_transferTimeout              
UNDEFED   ITM_flush                        
UNDEFED   ITM_restore                      
2000e72d  IntDisable                       
2000e7f5  IntEnable                        
20011a3d  IntMasterDisable                 
20011a47  IntMasterEnable                  
2000f7b9  IntPendClear                     
2000eb95  IntPendSet                       
2000fb6d  IntPrioritySet                   
20011185  IntRegister                      
20010fdd  IntUnregister                    
20011621  IntVTableBaseSet                 
20011001  List_put                         
20010eef  List_remove                      
20011ae7  NoRTOS_start                     
2000c8ad  PRCMCC3200MCUInit                
200113fb  PRCMHIBRegRead                   
20011415  PRCMHIBRegWrite                  
2000f371  PRCMHibernateWakeUpGPIOSelect    
2000fa01  PRCMHibernateWakeupSourceDisable 
2000fd15  PRCMHibernateWakeupSourceEnable  
20010011  PRCMIntEnable                    
2000fbc5  PRCMLPDSEnter                    
20010177  PRCMLPDSEnterKeepDebugIf         
20010b49  PRCMLPDSIntervalSet              
2000fe51  PRCMLPDSRestoreInfoSet           
20010dd1  PRCMLPDSWakeUpGPIOSelect         
200119a5  PRCMLPDSWakeupCauseGet           
2001142f  PRCMLPDSWakeupSourceDisable      
20011025  PRCMLPDSWakeupSourceEnable       
20010dfb  PRCMPeripheralClkDisable         
2000fab9  PRCMPeripheralClkEnable          
2000f6e5  PRCMPeripheralReset              
20010059  PRCMPeripheralStatusGet          
20010f17  PRCMSRAMRetentionEnable          
20011a91  PRCMSleepEnter                   
20010b79  PRCMSlowClkCtrFastGet            
2000f069  PRCMSysResetCauseGet             
200100a1  PinConfigGet                     
2000ec39  PinConfigSet                     
2001097d  PinDirModeGet                    
2001062d  PinDirModeSet                    
20010871  PinLock                          
2000f4c9  PinLockLevelSet                  
200109b1  PinModeGet                       
20010425  PinModeSet                       
20011449  PinToPadGet                      
200111a5  PinTypeI2C                       
20011265  PinTypeUART                      
2001111f  PinUnlock                        
200129e8  PowerCC32XX_config               
2000f0f9  PowerCC32XX_configureWakeup      
20012178  PowerCC32XX_contextSave          
2000eeb1  PowerCC32XX_enterLPDS            
20010f41  PowerCC32XX_getParkState         
2000ee0f  PowerCC32XX_initPolicy           
20012ff4  PowerCC32XX_module               
200109e5  PowerCC32XX_parkPin              
200111c5  PowerCC32XX_reset                
20011049  PowerCC32XX_restoreParkState     
2001106d  PowerCC32XX_restoreParkedPin     
2000eef5  PowerCC32XX_resumeLPDS           
2000fc1d  PowerCC32XX_setParkState         
2000d825  PowerCC32XX_sleepPolicy          
20011635  Power_disablePolicy              
20011831  Power_enablePolicy               
200119b1  Power_getConstraintMask          
20011649  Power_getTransitionLatency       
2001165d  Power_idleFunc                   
2000f285  Power_init                       
20011091  Power_registerNotify             
200102d1  Power_releaseConstraint          
2000fc71  Power_releaseDependency          
20010759  Power_setConstraint              
2000f535  Power_setDependency              
2000cd65  Power_sleep                      
200111e5  Power_unregisterNotify           
20011841  RingBuf_construct                
20010c97  RingBuf_getConsume               
20011aeb  RingBuf_getCount                 
20011141  RingBuf_getPointer               
200101bd  RingBuf_put                      
20010791  RingBuf_putAdvance               
20010cc5  RingBuf_putPointer               
2000fd65  SemaphoreP_construct             
20011205  SemaphoreP_constructBinary       
200114af  SemaphoreP_create                
20011225  SemaphoreP_createBinary          
20013348  SemaphoreP_defaultParams         
20011aef  SemaphoreP_delete                
2000f0f7  SemaphoreP_destruct              
2000ee11  SemaphoreP_pend                  
2001052d  SemaphoreP_post                  
20011371  SwiP_disable                     
200107c9  SwiP_restore                     
20011767  SysTickEnable                    
20011779  SysTickIntDisable                
2001178b  SysTickIntEnable                 
2001154d  SysTickPeriodSet                 
200117af  TI_memcpy_small                  
20011935  TI_memset_small                  
2000fa5d  TimerCC32XX_allocateTimerResource
20010a19  TimerCC32XX_freeTimerResource    
20010467  TimerControlStall                
20011245  TimerDisable                     
20011463  TimerEnable                      
20013350  TimerFlag                        
20011851  TimerIntClear                    
20011563  TimerIntDisable                  
20011671  TimerIntEnable                   
20010ba9  TimerLoadSet                     
20010bd9  TimerPrescaleSet                 
20010f69  TimerSupport_timerDisable        
200106e5  TimerSupport_timerEnable         
20011861  Timer_Params_init                
200104a9  Timer_close                      
20012cb8  Timer_config                     
20012a96  Timer_count                      
2000f283  Timer_init                       
2000d975  Timer_open                       
20010315  Timer_start                      
2001056d  Timer_stop                       
200110b5  UART2Support_disableRx           
200119c9  UART2Support_disableTx           
2000e661  UART2Support_dmaStartRx          
2000e981  UART2Support_dmaStartTx          
2000fee9  UART2Support_dmaStopRx           
2000f8e9  UART2Support_dmaStopTx           
200119d5  UART2Support_enableTx            
20011ac5  UART2Support_powerRelConstraint  
20011163  UART2Support_sendData            
20011871  UART2Support_txDone              
200119e1  UART2_Params_init                
2000e579  UART2_close                      
20012cc0  UART2_config                     
20012a97  UART2_count                      
20012ae8  UART2_defaultParams              
2000d36d  UART2_open                       
20010a4d  UART2_rxDisable                  
200118fd  UART2_write                      
20011283  UART2_writeTimeout               
2000d6b1  UART2_writeTimeoutBlocking       
2000df7d  UART2_writeTimeoutNonblocking    
20011881  UARTBusy                         
200108dd  UARTCharPutNonBlocking           
20011579  UARTCharsAvail                   
2000f3e5  UARTConfigSetExpClk              
2001158f  UARTDMADisable                   
20011685  UARTDMAEnable                    
20010cf3  UARTDisable                      
200112a1  UARTEnable                       
200115a5  UARTFIFOLevelSet                 
2001147d  UARTFlowControlSet               
20011891  UARTIntClear                     
200115bb  UARTIntDisable                   
20011699  UARTIntEnable                    
20010e25  UARTIntStatus                    
200118a1  UARTRxErrorGet                   
20010801  UDMACC32XX_close                 
20012cc8  UDMACC32XX_config                
200106a9  UDMACC32XX_init                  
2000f5a1  UDMACC32XX_open                  
20011a99  UtilsDelay                       
20004000  __STACK_END                      
00001000  __STACK_SIZE                     
00008000  __SYSMEM_SIZE                    
00000000  __TI_ATRegion0_region_sz         
00000000  __TI_ATRegion0_src_addr          
00000000  __TI_ATRegion0_trg_addr          
00000000  __TI_ATRegion1_region_sz         
00000000  __TI_ATRegion1_src_addr          
00000000  __TI_ATRegion1_trg_addr          
00000000  __TI_ATRegion2_region_sz         
00000000  __TI_ATRegion2_src_addr          
00000000  __TI_ATRegion2_trg_addr          
20011be8  __TI_CINIT_Base                  
20011bf8  __TI_CINIT_Limit                 
20011bf8  __TI_CINIT_Warm                  
20011bd4  __TI_Handler_Table_Base          
20011be0  __TI_Handler_Table_Limit         
20010839  __TI_auto_init_nobinit_nopinit   
2000f459  __TI_decompress_lzss             
20011943  __TI_decompress_none             
ffffffff  __TI_pprof_out_hndl              
2000c041  __TI_printfi_nofloat             
ffffffff  __TI_prof_data_size              
ffffffff  __TI_prof_data_start             
20011b00  __TI_static_base__               
200118d1  __TI_zero_init                   
20012620  __aeabi_ctype_table_             
20012620  __aeabi_ctype_table_C            
200100e9  __aeabi_d2iz                     
2000e1a9  __aeabi_dmul                     
20013370  __aeabi_errno                    
20011aa1  __aeabi_errno_addr               
20010d21  __aeabi_i2d                      
2000f887  __aeabi_ldiv0                    
20011aa9  __aeabi_memclr                   
20011aa9  __aeabi_memclr4                  
20011aa9  __aeabi_memclr8                  
20011af5  __aeabi_memcpy                   
20011af5  __aeabi_memcpy4                  
20011af5  __aeabi_memcpy8                  
20011a65  __aeabi_memset                   
20011a65  __aeabi_memset4                  
20011a65  __aeabi_memset8                  
200116ad  __aeabi_uldivmod                 
ffffffff  __binit__                        
200100e9  __fixdfsi                        
20010d21  __floatsidf                      
UNDEFED   __mpu_init                       
2000e1a9  __muldf3                         
20003000  __stack                          
20004000  __start___llvm_prf_bits          
20004000  __start___llvm_prf_cnts          
20004000  __stop___llvm_prf_bits           
20004000  __stop___llvm_prf_cnts           
2000ea39  __udivmoddi4                     
200110d9  _c_int00_noargs                  
20013374  _lock                            
2000fb13  _nop                             
20004040  _sys_memory                      
UNDEFED   _system_post_cinit               
20011af9  _system_pre_init                 
20013378  _unlock                          
20011afd  abort                            
2000de5d  aligned_alloc                    
200105ad  atoi                             
ffffffff  binit                            
2000fe03  clkFxn                           
2000e3a1  free                             
200119ed  gpioButtonFxn0                   
200119f9  gpioButtonFxn1                   
200123a0  gpioCallbackFunctions            
20013258  gpioPinConfigs                   
20012424  gpioUserArgs                     
20012604  i2c                              
20012bfc  i2cCC32XXHWAttrs                 
200122a4  i2cCC32XXObjects                 
200125ac  i2cTransaction                   
2000d539  initI2C                          
2001039d  initTimer                        
20010a81  initUART                         
20010ab5  initVectors                      
20013354  leftButton                       
200118b1  main                             
2000e2a5  mainThread                       
20011ab1  malloc                           
2000de5d  memalign                         
200112bf  memccpy                          
2001252c  output                           
20013160  parkInfo                         
2000f181  readTemp                         
200113c5  resetISR                         
20013358  rightButton                      
20012610  rxBuffer                         
200103e1  snprintf                         
20012608  timer0                           
20012c54  timerCC32XXHWAttrs               
200124a8  timerCC32XXObjects               
20011a11  timerCallback                    
20012612  txBuffer                         
2000fdb5  uDMAChannelAssign                
2000ef47  uDMAChannelAttributeDisable      
200105ed  uDMAChannelControlSet            
200112dd  uDMAChannelDisable               
200112fb  uDMAChannelEnable                
20011319  uDMAChannelIsEnabled             
2000ff7d  uDMAChannelSizeGet               
2000e097  uDMAChannelTransferSet           
200116c1  uDMAControlBaseSet               
20011919  uDMAEnable                       
20011927  uDMAErrorStatusClear             
20011a1d  uDMAErrorStatusGet               
200116d5  uDMAIntClear                     
2001260c  uart                             
20012000  uart2CC32XXObjects0              
20012c8c  udmaCC3220SHWAttrs               
200125f0  udmaCC3220SObject                
200118c1  wcslen                           


GLOBAL SYMBOLS: SORTED BY Symbol Address 

address   name                             
-------   ----                             
00000000  __TI_ATRegion0_region_sz         
00000000  __TI_ATRegion0_src_addr          
00000000  __TI_ATRegion0_trg_addr          
00000000  __TI_ATRegion1_region_sz         
00000000  __TI_ATRegion1_src_addr          
00000000  __TI_ATRegion1_trg_addr          
00000000  __TI_ATRegion2_region_sz         
00000000  __TI_ATRegion2_src_addr          
00000000  __TI_ATRegion2_trg_addr          
00001000  __STACK_SIZE                     
00008000  __SYSMEM_SIZE                    
20003000  __stack                          
20004000  __STACK_END                      
20004000  __start___llvm_prf_bits          
20004000  __start___llvm_prf_cnts          
20004000  __stop___llvm_prf_bits           
20004000  __stop___llvm_prf_cnts           
20004040  _sys_memory                      
2000c041  __TI_printfi_nofloat             
2000c8ad  PRCMCC3200MCUInit                
2000cd65  Power_sleep                      
2000d36b  Board_initHook                   
2000d36d  UART2_open                       
2000d539  initI2C                          
2000d6b1  UART2_writeTimeoutBlocking       
2000d825  PowerCC32XX_sleepPolicy          
2000d975  Timer_open                       
2000dabd  GPIO_setConfig                   
2000dd35  I2C_transferTimeout              
2000de5b  I2C_init                         
2000de5d  aligned_alloc                    
2000de5d  memalign                         
2000df7d  UART2_writeTimeoutNonblocking    
2000e097  uDMAChannelTransferSet           
2000e1a9  __aeabi_dmul                     
2000e1a9  __muldf3                         
2000e2a5  mainThread                       
2000e3a1  free                             
2000e491  I2C_open                         
2000e579  UART2_close                      
2000e661  UART2Support_dmaStartRx          
2000e72d  IntDisable                       
2000e7f5  IntEnable                        
2000e981  UART2Support_dmaStartTx          
2000ea39  __udivmoddi4                     
2000eae9  GPIOIntTypeSet                   
2000eb95  IntPendSet                       
2000ec39  PinConfigSet                     
2000ed77  I2CMasterInitExpClk              
2000ee0f  PowerCC32XX_initPolicy           
2000ee11  SemaphoreP_pend                  
2000eea9  HwiP_disable                     
2000eeb1  PowerCC32XX_enterLPDS            
2000eef5  PowerCC32XX_resumeLPDS           
2000ef47  uDMAChannelAttributeDisable      
2000efd9  GPIO_init                        
2000f069  PRCMSysResetCauseGet             
2000f0f7  SemaphoreP_destruct              
2000f0f9  PowerCC32XX_configureWakeup      
2000f181  readTemp                         
2000f283  Timer_init                       
2000f285  Power_init                       
2000f2fd  HwiP_construct                   
2000f371  PRCMHibernateWakeUpGPIOSelect    
2000f3e5  UARTConfigSetExpClk              
2000f459  __TI_decompress_lzss             
2000f4c9  PinLockLevelSet                  
2000f535  Power_setDependency              
2000f5a1  UDMACC32XX_open                  
2000f6e5  PRCMPeripheralReset              
2000f7b9  IntPendClear                     
2000f887  __aeabi_ldiv0                    
2000f889  GPIO_write                       
2000f8e9  UART2Support_dmaStopTx           
2000f949  FlashDisable                     
2000f9a5  I2CSupport_primeTransfer         
2000fa01  PRCMHibernateWakeupSourceDisable 
2000fa5d  TimerCC32XX_allocateTimerResource
2000fab9  PRCMPeripheralClkEnable          
2000fb13  _nop                             
2000fb15  ClockP_startup                   
2000fb6d  IntPrioritySet                   
2000fbc5  PRCMLPDSEnter                    
2000fc1d  PowerCC32XX_setParkState         
2000fc71  Power_releaseDependency          
2000fcc5  GPIO_hwiIntFxn                   
2000fd15  PRCMHibernateWakeupSourceEnable  
2000fd65  SemaphoreP_construct             
2000fdb5  uDMAChannelAssign                
2000fe03  clkFxn                           
2000fe05  GPIO_setInterruptConfig          
2000fe51  PRCMLPDSRestoreInfoSet           
2000fee9  UART2Support_dmaStopRx           
2000ff7d  uDMAChannelSizeGet               
2000ffc9  ClockP_sysTickHandler            
20010011  PRCMIntEnable                    
20010059  PRCMPeripheralStatusGet          
200100a1  PinConfigGet                     
200100e9  __aeabi_d2iz                     
200100e9  __fixdfsi                        
20010177  PRCMLPDSEnterKeepDebugIf         
200101bd  RingBuf_put                      
20010203  GPIODirModeSet                   
20010249  GPIO_disableInt                  
2001028d  GPIO_enableInt                   
200102d1  Power_releaseConstraint          
20010315  Timer_start                      
2001039d  initTimer                        
200103e1  snprintf                         
20010425  PinModeSet                       
20010467  TimerControlStall                
200104a9  Timer_close                      
2001052d  SemaphoreP_post                  
2001056d  Timer_stop                       
200105ad  atoi                             
200105ed  uDMAChannelControlSet            
2001062d  PinDirModeSet                    
2001066d  ClockP_stop                      
200106a9  UDMACC32XX_init                  
200106e5  TimerSupport_timerEnable         
20010721  ClockP_destruct                  
20010759  Power_setConstraint              
20010791  RingBuf_putAdvance               
200107c9  SwiP_restore                     
20010801  UDMACC32XX_close                 
20010839  __TI_auto_init_nobinit_nopinit   
20010871  PinLock                          
200108dd  UARTCharPutNonBlocking           
20010915  ClockP_start                     
20010949  I2CFIFODataPutNonBlocking        
2001097d  PinDirModeGet                    
200109b1  PinModeGet                       
200109e5  PowerCC32XX_parkPin              
20010a19  TimerCC32XX_freeTimerResource    
20010a4d  UART2_rxDisable                  
20010a81  initUART                         
20010ab5  initVectors                      
20010ae9  ClockP_getTicksUntilInterrupt    
20010b19  I2CFIFODataGetNonBlocking        
20010b49  PRCMLPDSIntervalSet              
20010b79  PRCMSlowClkCtrFastGet            
20010ba9  TimerLoadSet                     
20010bd9  TimerPrescaleSet                 
20010c69  GPIOIntStatus                    
20010c97  RingBuf_getConsume               
20010cc5  RingBuf_putPointer               
20010cf3  UARTDisable                      
20010d21  __aeabi_i2d                      
20010d21  __floatsidf                      
20010d4f  I2CMasterIntStatusEx             
20010da7  HwiP_create                      
20010dd1  PRCMLPDSWakeUpGPIOSelect         
20010dfb  PRCMPeripheralClkDisable         
20010e25  UARTIntStatus                    
20010e4f  I2CMasterBusBusy                 
20010e77  I2CMasterSlaveAddrSet            
20010e9f  I2CTxFIFOConfigSet               
20010ec7  I2C_cancel                       
20010eef  List_remove                      
20010f17  PRCMSRAMRetentionEnable          
20010f41  PowerCC32XX_getParkState         
20010f69  TimerSupport_timerDisable        
20010fb9  I2CRxFIFOConfigSet               
20010fdd  IntUnregister                    
20011001  List_put                         
20011025  PRCMLPDSWakeupSourceEnable       
20011049  PowerCC32XX_restoreParkState     
2001106d  PowerCC32XX_restoreParkedPin     
20011091  Power_registerNotify             
200110b5  UART2Support_disableRx           
200110d9  _c_int00_noargs                  
200110fd  GPIOPinWrite                     
2001111f  PinUnlock                        
20011141  RingBuf_getPointer               
20011163  UART2Support_sendData            
20011185  IntRegister                      
200111a5  PinTypeI2C                       
200111c5  PowerCC32XX_reset                
200111e5  Power_unregisterNotify           
20011205  SemaphoreP_constructBinary       
20011225  SemaphoreP_createBinary          
20011245  TimerDisable                     
20011265  PinTypeUART                      
20011283  UART2_writeTimeout               
200112a1  UARTEnable                       
200112bf  memccpy                          
200112dd  uDMAChannelDisable               
200112fb  uDMAChannelEnable                
20011319  uDMAChannelIsEnabled             
20011339  GPIO_setCallback                 
20011355  HwiP_dispatch                    
20011371  SwiP_disable                     
200113c5  resetISR                         
200113e1  GPIOIntDisable                   
200113fb  PRCMHIBRegRead                   
20011415  PRCMHIBRegWrite                  
2001142f  PRCMLPDSWakeupSourceDisable      
20011449  PinToPadGet                      
20011463  TimerEnable                      
2001147d  UARTFlowControlSet               
20011497  GPIOIntEnable                    
200114af  SemaphoreP_create                
200114df  Board_init                       
200114f5  I2CMasterBurstLengthSet          
2001150b  I2CMasterIntDisableEx            
20011521  I2CRxFIFOFlush                   
20011537  I2CTxFIFOFlush                   
2001154d  SysTickPeriodSet                 
20011563  TimerIntDisable                  
20011579  UARTCharsAvail                   
2001158f  UARTDMADisable                   
200115a5  UARTFIFOLevelSet                 
200115bb  UARTIntDisable                   
200115d1  CPUcpsid                         
200115e5  CPUcpsie                         
200115f9  HwiP_destruct                    
2001160d  I2CMasterIntEnableEx             
20011621  IntVTableBaseSet                 
20011635  Power_disablePolicy              
20011649  Power_getTransitionLatency       
2001165d  Power_idleFunc                   
20011671  TimerIntEnable                   
20011685  UARTDMAEnable                    
20011699  UARTIntEnable                    
200116ad  __aeabi_uldivmod                 
200116c1  uDMAControlBaseSet               
200116d5  uDMAIntClear                     
200116e9  ClockP_add                       
200116fb  GPIOIntClear                     
2001170d  HwiP_Params_init                 
2001171f  HwiP_delete                      
20011731  I2CMasterDisable                 
20011743  I2CMasterEnable                  
20011755  I2C_transfer                     
20011767  SysTickEnable                    
20011779  SysTickIntDisable                
2001178b  SysTickIntEnable                 
200117af  TI_memcpy_small                  
200117c1  ClockP_getCpuFreq                
200117d1  ClockP_getSystemTicks            
200117e1  ClockP_setTicks                  
200117f1  HwiP_inISR                       
20011801  I2CMasterControl                 
20011811  I2CMasterIntClearEx              
20011821  I2CMasterTimeoutSet              
20011831  Power_enablePolicy               
20011841  RingBuf_construct                
20011851  TimerIntClear                    
20011861  Timer_Params_init                
20011871  UART2Support_txDone              
20011881  UARTBusy                         
20011891  UARTIntClear                     
200118a1  UARTRxErrorGet                   
200118b1  main                             
200118c1  wcslen                           
200118d1  __TI_zero_init                   
200118e1  HwiP_interruptsEnabled           
200118ef  I2CFIFOStatus                    
200118fd  UART2_write                      
20011919  uDMAEnable                       
20011927  uDMAErrorStatusClear             
20011935  TI_memset_small                  
20011943  __TI_decompress_none             
20011951  CPUwfi                           
20011969  I2C_Params_init                  
200119a5  PRCMLPDSWakeupCauseGet           
200119b1  Power_getConstraintMask          
200119c9  UART2Support_disableTx           
200119d5  UART2Support_enableTx            
200119e1  UART2_Params_init                
200119ed  gpioButtonFxn0                   
200119f9  gpioButtonFxn1                   
20011a11  timerCallback                    
20011a1d  uDMAErrorStatusGet               
20011a29  CPUprimask                       
20011a33  ClockP_isActive                  
20011a3d  IntMasterDisable                 
20011a47  IntMasterEnable                  
20011a65  __aeabi_memset                   
20011a65  __aeabi_memset4                  
20011a65  __aeabi_memset8                  
20011a79  HwiP_restore                     
20011a89  I2CSupport_controllerFinish      
20011a91  PRCMSleepEnter                   
20011a99  UtilsDelay                       
20011aa1  __aeabi_errno_addr               
20011aa9  __aeabi_memclr                   
20011aa9  __aeabi_memclr4                  
20011aa9  __aeabi_memclr8                  
20011ab1  malloc                           
20011ab9  I2CSupport_powerRelConstraint    
20011abf  I2CSupport_powerSetConstraint    
20011ac5  UART2Support_powerRelConstraint  
20011acb  ClockP_doTick                    
20011acf  HwiP_clearInterrupt              
20011ad3  HwiP_disableInterrupt            
20011ad7  HwiP_enable                      
20011adb  HwiP_enableInterrupt             
20011adf  HwiP_post                        
20011ae7  NoRTOS_start                     
20011aeb  RingBuf_getCount                 
20011aef  SemaphoreP_delete                
20011af5  __aeabi_memcpy                   
20011af5  __aeabi_memcpy4                  
20011af5  __aeabi_memcpy8                  
20011af9  _system_pre_init                 
20011afc  C$$EXIT                          
20011afd  abort                            
20011b00  __TI_static_base__               
20011bd4  __TI_Handler_Table_Base          
20011be0  __TI_Handler_Table_Limit         
20011be8  __TI_CINIT_Base                  
20011bf8  __TI_CINIT_Limit                 
20011bf8  __TI_CINIT_Warm                  
20012000  uart2CC32XXObjects0              
20012178  PowerCC32XX_contextSave          
200122a4  i2cCC32XXObjects                 
200123a0  gpioCallbackFunctions            
20012424  gpioUserArgs                     
200124a8  timerCC32XXObjects               
2001252c  output                           
200125ac  i2cTransaction                   
200125e0  ClockP_ctrl                      
200125f0  udmaCC3220SObject                
20012604  i2c                              
20012608  timer0                           
2001260c  uart                             
20012610  rxBuffer                         
20012612  txBuffer                         
20012620  __aeabi_ctype_table_             
20012620  __aeabi_ctype_table_C            
20012723  GPIO_pinUpperBound               
200129e8  PowerCC32XX_config               
20012a95  I2C_count                        
20012a96  Timer_count                      
20012a97  UART2_count                      
20012ae8  UART2_defaultParams              
20012bfc  i2cCC32XXHWAttrs                 
20012c34  GPIO_config                      
20012c54  timerCC32XXHWAttrs               
20012c8c  udmaCC3220SHWAttrs               
20012cb0  I2C_config                       
20012cb8  Timer_config                     
20012cc0  UART2_config                     
20012cc8  UDMACC32XX_config                
20012ff4  PowerCC32XX_module               
20013160  parkInfo                         
20013258  gpioPinConfigs                   
20013348  SemaphoreP_defaultParams         
20013350  TimerFlag                        
20013354  leftButton                       
20013358  rightButton                      
20013368  ClockP_tickPeriod                
2001336c  HwiP_swiPIntNum                  
20013370  __aeabi_errno                    
20013374  _lock                            
20013378  _unlock                          
ffffffff  __TI_pprof_out_hndl              
ffffffff  __TI_prof_data_size              
ffffffff  __TI_prof_data_start             
ffffffff  __binit__                        
ffffffff  binit                            
UNDEFED   ITM_flush                        
UNDEFED   ITM_restore                      
UNDEFED   __mpu_init                       
UNDEFED   _system_post_cinit               

[366 symbols]
